Component: ARM Compiler 5.05 update 2 (build 169) Tool: armlink [4d0f33]

==============================================================================

Section Cross References

    main.o(.text) refers to cpu_core.o(.text) for CPU_Init
    main.o(.text) refers to os_stat.o(.text) for OSStatTaskCPUUsageInit
    main.o(.text) refers to os_core.o(.text) for OSSchedRoundRobinCfg
    main.o(.text) refers to cpu_a.o(.text) for CPU_SR_Save
    main.o(.text) refers to task.o(.text) for Create_LED_Task
    main.o(.text) refers to os_task.o(.text) for OSTaskDel
    main.o(.text) refers to led.o(.text) for LED_Config
    main.o(.text) refers to stm32f10x_gpio.o(.text) for GPIO_ResetBits
    main.o(.text) refers to key.o(.text) for KEY_Init
    main.o(.text) refers to delay.o(.text) for delay_init
    main.o(.text) refers to usart.o(.text) for USART1_Config
    main.o(.text) refers to stm32_iic.o(.text) for i2cInit
    main.o(.text) refers to stm32f10x_rcc.o(.text) for RCC_GetClocksFreq
    main.o(.text) refers to mpu9250.o(.text) for Mpu9250_Work_Mode_Init
    main.o(.text) refers to malloc.o(i.malloc) for malloc
    main.o(.text) refers to memseta.o(.text) for __aeabi_memclr
    main.o(.text) refers to ads_hal_i2c.o(.text) for ads_hal_select_device
    main.o(.text) refers to ads.o(.text) for ads_init
    main.o(.text) refers to main.o(.data) for ADS_DATA
    main.o(.text) refers to os_var.o(.data) for OSSchedLockNestingCtr
    main.o(.text) refers to main.o(.bss) for START_TASK_STK
    stm32f10x_it.o(.text) refers to printf1.o(i.__0printf$1) for __2printf
    stm32f10x_it.o(.text) refers to os_core.o(.text) for OSIntEnter
    stm32f10x_it.o(.text) refers to stm32f10x_tim.o(.text) for TIM_GetITStatus
    stm32f10x_it.o(.text) refers to mpu9250.o(.text) for READ_MPU9250_ACCEL
    stm32f10x_it.o(.text) refers to stm32f10x_usart.o(.text) for USART_GetITStatus
    stm32f10x_it.o(.text) refers to stm32f10x_exti.o(.text) for EXTI_GetITStatus
    stm32f10x_it.o(.text) refers to os_flag.o(.text) for OS_FlagPost
    stm32f10x_it.o(.text) refers to ads_hal_i2c.o(.text) for ads_hal_select_device
    stm32f10x_it.o(.text) refers to stm32f10x_it.o(.data) for DataReady
    stm32f10x_it.o(.text) refers to stm32f10x_it.o(.bss) for Uart1_Buffer
    stm32f10x_it.o(.text) refers to task.o(.bss) for MeasureEvent
    emg_signal.o(.text) refers to stm32f10x_rcc.o(.text) for RCC_APB2PeriphClockCmd
    emg_signal.o(.text) refers to stm32f10x_gpio.o(.text) for GPIO_Init
    emg_signal.o(.text) refers to stm32f10x_adc.o(.text) for ADC_DeInit
    emg_signal.o(.text) refers to stm32f10x_dma.o(.text) for DMA_DeInit
    emg_signal.o(.text) refers to misc.o(.text) for NVIC_Init
    emg_signal.o(.text) refers to queue.o(.text) for initQueue
    emg_signal.o(.text) refers to fadd.o(.text) for __aeabi_fadd
    emg_signal.o(.text) refers to fdiv.o(.text) for __aeabi_fdiv
    emg_signal.o(.text) refers to emg_signal.o(.bss) for ADCConvertedValue
    emg_signal.o(.text) refers to emg_signal.o(.data) for EmgSqAddr
    mpu9250.o(.text) refers to stm32_iic.o(.text) for I2C_Start
    mpu9250.o(.text) refers to delay.o(.text) for Delay_ms
    mpu9250.o(.text) refers to dflti.o(.text) for __aeabi_i2d
    mpu9250.o(.text) refers to dmul.o(.text) for __aeabi_dmul
    mpu9250.o(.text) refers to d2f.o(.text) for __aeabi_d2f
    mpu9250.o(.text) refers to mpu9250.o(.data) for i2c_dev
    mpu9250.o(.text) refers to mpu9250.o(.bss) for BUF
    mpu9250.o(.text) refers to stm32f10x_it.o(.data) for mpu_acce
    mpu9250.o(.text) refers to f2d.o(.text) for __aeabi_f2d
    mpu9250.o(.text) refers to fflti.o(.text) for __aeabi_i2f
    mpu9250.o(.text) refers to fdiv.o(.text) for __aeabi_fdiv
    mpu9250.o(.text) refers to fadd.o(.text) for __aeabi_fsub
    mpu9250.o(.text) refers to fmul.o(.text) for __aeabi_fmul
    mpu9250.o(.text) refers to stmflash.o(.text) for STMFLASH_Write
    mpu9250.o(.text) refers to ffixi.o(.text) for __aeabi_f2iz
    queue.o(.text) refers to malloc.o(i.malloc) for malloc
    queue.o(.text) refers to printf1.o(i.__0printf$1) for __2printf
    queue.o(.text) refers to malloc.o(i.free) for free
    stmflash.o(.text) refers to stm32f10x_flash.o(.text) for FLASH_ProgramHalfWord
    stmflash.o(.text) refers to stmflash.o(.bss) for STMFLASH_BUF
    time.o(.text) refers to stm32f10x_rcc.o(.text) for RCC_APB1PeriphClockCmd
    time.o(.text) refers to stm32f10x_tim.o(.text) for TIM_TimeBaseInit
    time.o(.text) refers to misc.o(.text) for NVIC_Init
    time.o(.text) refers to ffltui.o(.text) for __aeabi_ui2f
    time.o(.text) refers to fdiv.o(.text) for __aeabi_fdiv
    time.o(.text) refers to time.o(.data) for now
    task.o(.text) refers to os_flag.o(.text) for OSFlagCreate
    task.o(.text) refers to stm32f10x_gpio.o(.text) for GPIO_ResetBits
    task.o(.text) refers to os_time.o(.text) for OSTimeDlyHMSM
    task.o(.text) refers to os_task.o(.text) for OSTaskCreate
    task.o(.text) refers to mpu9250.o(.text) for READ_MPU9250_ACCEL
[...]
    GPIO_SetBits                             0x0800326b   Thumb Code     4  stm32f10x_gpio.o(.text)
    GPIO_ResetBits                           0x0800326f   Thumb Code     4  stm32f10x_gpio.o(.text)
    GPIO_WriteBit                            0x08003273   Thumb Code    10  stm32f10x_gpio.o(.text)
    GPIO_Write                               0x0800327d   Thumb Code     4  stm32f10x_gpio.o(.text)
    GPIO_PinLockConfig                       0x08003281   Thumb Code    18  stm32f10x_gpio.o(.text)
    GPIO_EventOutputConfig                   0x08003293   Thumb Code    26  stm32f10x_gpio.o(.text)
    GPIO_EventOutputCmd                      0x080032ad   Thumb Code     6  stm32f10x_gpio.o(.text)
    GPIO_PinRemapConfig                      0x080032b3   Thumb Code   138  stm32f10x_gpio.o(.text)
    GPIO_EXTILineConfig                      0x0800333d   Thumb Code    66  stm32f10x_gpio.o(.text)
    GPIO_ETH_MediaInterfaceConfig            0x0800337f   Thumb Code     8  stm32f10x_gpio.o(.text)
    USART_DeInit                             0x080033ad   Thumb Code   134  stm32f10x_usart.o(.text)
    USART_Init                               0x08003433   Thumb Code   210  stm32f10x_usart.o(.text)
    USART_StructInit                         0x08003505   Thumb Code    24  stm32f10x_usart.o(.text)
    USART_ClockInit                          0x0800351d   Thumb Code    34  stm32f10x_usart.o(.text)
    USART_ClockStructInit                    0x0800353f   Thumb Code    12  stm32f10x_usart.o(.text)
    USART_Cmd                                0x0800354b   Thumb Code    24  stm32f10x_usart.o(.text)
    USART_ITConfig                           0x08003563   Thumb Code    74  stm32f10x_usart.o(.text)
    USART_DMACmd                             0x080035ad   Thumb Code    18  stm32f10x_usart.o(.text)
    USART_SetAddress                         0x080035bf   Thumb Code    18  stm32f10x_usart.o(.text)
    USART_WakeUpConfig                       0x080035d1   Thumb Code    18  stm32f10x_usart.o(.text)
    USART_ReceiverWakeUpCmd                  0x080035e3   Thumb Code    24  stm32f10x_usart.o(.text)
    USART_LINBreakDetectLengthConfig         0x080035fb   Thumb Code    18  stm32f10x_usart.o(.text)
    USART_LINCmd                             0x0800360d   Thumb Code    24  stm32f10x_usart.o(.text)
    USART_SendData                           0x08003625   Thumb Code     8  stm32f10x_usart.o(.text)
    USART_ReceiveData                        0x0800362d   Thumb Code    10  stm32f10x_usart.o(.text)
    USART_SendBreak                          0x08003637   Thumb Code    10  stm32f10x_usart.o(.text)
    USART_SetGuardTime                       0x08003641   Thumb Code    16  stm32f10x_usart.o(.text)
    USART_SetPrescaler                       0x08003651   Thumb Code    16  stm32f10x_usart.o(.text)
    USART_SmartCardCmd                       0x08003661   Thumb Code    24  stm32f10x_usart.o(.text)
    USART_SmartCardNACKCmd                   0x08003679   Thumb Code    24  stm32f10x_usart.o(.text)
    USART_HalfDuplexCmd                      0x08003691   Thumb Code    24  stm32f10x_usart.o(.text)
    USART_OverSampling8Cmd                   0x080036a9   Thumb Code    22  stm32f10x_usart.o(.text)
    USART_OneBitMethodCmd                    0x080036bf   Thumb Code    24  stm32f10x_usart.o(.text)
    USART_IrDAConfig                         0x080036d7   Thumb Code    18  stm32f10x_usart.o(.text)
    USART_IrDACmd                            0x080036e9   Thumb Code    24  stm32f10x_usart.o(.text)
    USART_GetFlagStatus                      0x08003701   Thumb Code    26  stm32f10x_usart.o(.text)
    USART_ClearFlag                          0x0800371b   Thumb Code    18  stm32f10x_usart.o(.text)
    USART_GetITStatus                        0x0800372d   Thumb Code    84  stm32f10x_usart.o(.text)
    USART_ClearITPendingBit                  0x08003781   Thumb Code    52  stm32f10x_usart.o(.text)
    RCC_DeInit                               0x080037b5   Thumb Code    64  stm32f10x_rcc.o(.text)
    RCC_HSEConfig                            0x080037f5   Thumb Code    70  stm32f10x_rcc.o(.text)
    RCC_GetFlagStatus                        0x0800383b   Thumb Code    56  stm32f10x_rcc.o(.text)
    RCC_WaitForHSEStartUp                    0x08003873   Thumb Code    56  stm32f10x_rcc.o(.text)
    RCC_AdjustHSICalibrationValue            0x080038ab   Thumb Code    20  stm32f10x_rcc.o(.text)
    RCC_HSICmd                               0x080038bf   Thumb Code     6  stm32f10x_rcc.o(.text)
    RCC_PLLConfig                            0x080038c5   Thumb Code    24  stm32f10x_rcc.o(.text)
    RCC_PLLCmd                               0x080038dd   Thumb Code     6  stm32f10x_rcc.o(.text)
    RCC_SYSCLKConfig                         0x080038e3   Thumb Code    18  stm32f10x_rcc.o(.text)
    RCC_GetSYSCLKSource                      0x080038f5   Thumb Code    10  stm32f10x_rcc.o(.text)
    RCC_HCLKConfig                           0x080038ff   Thumb Code    18  stm32f10x_rcc.o(.text)
    RCC_PCLK1Config                          0x08003911   Thumb Code    18  stm32f10x_rcc.o(.text)
    RCC_PCLK2Config                          0x08003923   Thumb Code    20  stm32f10x_rcc.o(.text)
    RCC_ITConfig                             0x08003937   Thumb Code    26  stm32f10x_rcc.o(.text)
    RCC_USBCLKConfig                         0x08003951   Thumb Code     8  stm32f10x_rcc.o(.text)
    RCC_ADCCLKConfig                         0x08003959   Thumb Code    18  stm32f10x_rcc.o(.text)
    RCC_LSEConfig                            0x0800396b   Thumb Code    50  stm32f10x_rcc.o(.text)
    RCC_LSICmd                               0x0800399d   Thumb Code     6  stm32f10x_rcc.o(.text)
    RCC_RTCCLKConfig                         0x080039a3   Thumb Code    12  stm32f10x_rcc.o(.text)
    RCC_RTCCLKCmd                            0x080039af   Thumb Code     8  stm32f10x_rcc.o(.text)
    RCC_GetClocksFreq                        0x080039b7   Thumb Code   192  stm32f10x_rcc.o(.text)
    RCC_AHBPeriphClockCmd                    0x08003a77   Thumb Code    26  stm32f10x_rcc.o(.text)
    RCC_APB2PeriphClockCmd                   0x08003a91   Thumb Code    26  stm32f10x_rcc.o(.text)
    RCC_APB1PeriphClockCmd                   0x08003aab   Thumb Code    26  stm32f10x_rcc.o(.text)
    RCC_APB2PeriphResetCmd                   0x08003ac5   Thumb Code    26  stm32f10x_rcc.o(.text)
    RCC_APB1PeriphResetCmd                   0x08003adf   Thumb Code    26  stm32f10x_rcc.o(.text)
    RCC_BackupResetCmd                       0x08003af9   Thumb Code     8  stm32f10x_rcc.o(.text)
    RCC_ClockSecuritySystemCmd               0x08003b01   Thumb Code     6  stm32f10x_rcc.o(.text)
    RCC_MCOConfig                            0x08003b07   Thumb Code     6  stm32f10x_rcc.o(.text)
    RCC_ClearFlag                            0x08003b0d   Thumb Code    14  stm32f10x_rcc.o(.text)
    RCC_GetITStatus                          0x08003b1b   Thumb Code    20  stm32f10x_rcc.o(.text)
    RCC_ClearITPendingBit                    0x08003b2f   Thumb Code     6  stm32f10x_rcc.o(.text)
    EXTI_DeInit                              0x08003b61   Thumb Code    28  stm32f10x_exti.o(.text)
    EXTI_Init                                0x08003b7d   Thumb Code   142  stm32f10x_exti.o(.text)
    EXTI_StructInit                          0x08003c0b   Thumb Code    16  stm32f10x_exti.o(.text)
    EXTI_GenerateSWInterrupt                 0x08003c1b   Thumb Code    16  stm32f10x_exti.o(.text)
    EXTI_GetFlagStatus                       0x08003c2b   Thumb Code    22  stm32f10x_exti.o(.text)
    EXTI_ClearFlag                           0x08003c41   Thumb Code     8  stm32f10x_exti.o(.text)
    EXTI_GetITStatus                         0x08003c49   Thumb Code    34  stm32f10x_exti.o(.text)
    EXTI_ClearITPendingBit                   0x08003c6b   Thumb Code     8  stm32f10x_exti.o(.text)
    FLASH_SetLatency                         0x08003c7d   Thumb Code    18  stm32f10x_flash.o(.text)
    FLASH_HalfCycleAccessCmd                 0x08003c8f   Thumb Code    22  stm32f10x_flash.o(.text)
    FLASH_PrefetchBufferCmd                  0x08003ca5   Thumb Code    22  stm32f10x_flash.o(.text)
    FLASH_Unlock                             0x08003cbb   Thumb Code    12  stm32f10x_flash.o(.text)
    FLASH_UnlockBank1                        0x08003cc7   Thumb Code    12  stm32f10x_flash.o(.text)
    FLASH_Lock                               0x08003cd3   Thumb Code    14  stm32f10x_flash.o(.text)
    FLASH_LockBank1                          0x08003ce1   Thumb Code    14  stm32f10x_flash.o(.text)
    FLASH_GetBank1Status                     0x08003cef   Thumb Code    48  stm32f10x_flash.o(.text)
    FLASH_WaitForLastOperation               0x08003d1f   Thumb Code    38  stm32f10x_flash.o(.text)
    FLASH_ErasePage                          0x08003d45   Thumb Code    72  stm32f10x_flash.o(.text)
    FLASH_EraseAllPages                      0x08003d8d   Thumb Code    68  stm32f10x_flash.o(.text)
    FLASH_WaitForLastBank1Operation          0x08003dd1   Thumb Code    38  stm32f10x_flash.o(.text)
    FLASH_EraseAllBank1Pages                 0x08003df7   Thumb Code    68  stm32f10x_flash.o(.text)
    FLASH_GetReadOutProtectionStatus         0x08003e3b   Thumb Code    20  stm32f10x_flash.o(.text)
    FLASH_EraseOptionBytes                   0x08003e4f   Thumb Code   150  stm32f10x_flash.o(.text)
    FLASH_ProgramWord                        0x08003ee5   Thumb Code   102  stm32f10x_flash.o(.text)
    FLASH_ProgramHalfWord                    0x08003f4b   Thumb Code    60  stm32f10x_flash.o(.text)
    FLASH_ProgramOptionByteData              0x08003f87   Thumb Code    72  stm32f10x_flash.o(.text)
    FLASH_EnableWriteProtection              0x08003fcf   Thumb Code   200  stm32f10x_flash.o(.text)
    FLASH_ReadOutProtection                  0x08004097   Thumb Code   156  stm32f10x_flash.o(.text)
    FLASH_UserOptionByteConfig               0x08004133   Thumb Code    88  stm32f10x_flash.o(.text)
    FLASH_GetUserOptionByte                  0x0800418b   Thumb Code     8  stm32f10x_flash.o(.text)
    FLASH_GetWriteProtectionOptionByte       0x08004193   Thumb Code     6  stm32f10x_flash.o(.text)
    FLASH_GetPrefetchBufferStatus            0x08004199   Thumb Code    20  stm32f10x_flash.o(.text)
    FLASH_ITConfig                           0x080041ad   Thumb Code    26  stm32f10x_flash.o(.text)
    FLASH_GetFlagStatus                      0x080041c7   Thumb Code    42  stm32f10x_flash.o(.text)
    FLASH_ClearFlag                          0x080041f1   Thumb Code     6  stm32f10x_flash.o(.text)
    FLASH_GetStatus                          0x080041f7   Thumb Code    48  stm32f10x_flash.o(.text)
    I2C_DeInit                               0x08004239   Thumb Code    50  stm32f10x_i2c.o(.text)
    I2C_Init                                 0x0800426b   Thumb Code   222  stm32f10x_i2c.o(.text)
    I2C_StructInit                           0x08004349   Thumb Code    30  stm32f10x_i2c.o(.text)
    I2C_Cmd                                  0x08004367   Thumb Code    24  stm32f10x_i2c.o(.text)
    I2C_DMACmd                               0x0800437f   Thumb Code    24  stm32f10x_i2c.o(.text)
    I2C_DMALastTransferCmd                   0x08004397   Thumb Code    24  stm32f10x_i2c.o(.text)
    I2C_GenerateSTART                        0x080043af   Thumb Code    24  stm32f10x_i2c.o(.text)
    I2C_GenerateSTOP                         0x080043c7   Thumb Code    24  stm32f10x_i2c.o(.text)
    I2C_AcknowledgeConfig                    0x080043df   Thumb Code    24  stm32f10x_i2c.o(.text)
    I2C_OwnAddress2Config                    0x080043f7   Thumb Code    22  stm32f10x_i2c.o(.text)
    I2C_DualAddressCmd                       0x0800440d   Thumb Code    24  stm32f10x_i2c.o(.text)
    I2C_GeneralCallCmd                       0x08004425   Thumb Code    24  stm32f10x_i2c.o(.text)
    I2C_ITConfig                             0x0800443d   Thumb Code    18  stm32f10x_i2c.o(.text)
    I2C_SendData                             0x0800444f   Thumb Code     4  stm32f10x_i2c.o(.text)
    I2C_ReceiveData                          0x08004453   Thumb Code     8  stm32f10x_i2c.o(.text)
    I2C_Send7bitAddress                      0x0800445b   Thumb Code    18  stm32f10x_i2c.o(.text)
    I2C_ReadRegister                         0x0800446d   Thumb Code    22  stm32f10x_i2c.o(.text)
    I2C_SoftwareResetCmd                     0x08004483   Thumb Code    22  stm32f10x_i2c.o(.text)
    I2C_NACKPositionConfig                   0x08004499   Thumb Code    28  stm32f10x_i2c.o(.text)
    I2C_SMBusAlertConfig                     0x080044b5   Thumb Code    28  stm32f10x_i2c.o(.text)
    I2C_TransmitPEC                          0x080044d1   Thumb Code    24  stm32f10x_i2c.o(.text)
    I2C_PECPositionConfig                    0x080044e9   Thumb Code    28  stm32f10x_i2c.o(.text)
    I2C_CalculatePEC                         0x08004505   Thumb Code    24  stm32f10x_i2c.o(.text)
    I2C_GetPEC                               0x0800451d   Thumb Code     8  stm32f10x_i2c.o(.text)
    I2C_ARPCmd                               0x08004525   Thumb Code    24  stm32f10x_i2c.o(.text)
    I2C_StretchClockCmd                      0x0800453d   Thumb Code    24  stm32f10x_i2c.o(.text)
    I2C_FastModeDutyCycleConfig              0x08004555   Thumb Code    28  stm32f10x_i2c.o(.text)
    I2C_CheckEvent                           0x08004571   Thumb Code    42  stm32f10x_i2c.o(.text)
    I2C_GetLastEvent                         0x0800459b   Thumb Code    26  stm32f10x_i2c.o(.text)
    I2C_GetFlagStatus                        0x080045b5   Thumb Code    58  stm32f10x_i2c.o(.text)
    I2C_ClearFlag                            0x080045ef   Thumb Code    12  stm32f10x_i2c.o(.text)
    I2C_GetITStatus                          0x080045fb   Thumb Code    54  stm32f10x_i2c.o(.text)
    I2C_ClearITPendingBit                    0x08004631   Thumb Code    12  stm32f10x_i2c.o(.text)
    TIM_DeInit                               0x0800463d   Thumb Code   424  stm32f10x_tim.o(.text)
    TIM_TimeBaseInit                         0x080047e5   Thumb Code   122  stm32f10x_tim.o(.text)
    TIM_OC1Init                              0x0800485f   Thumb Code   132  stm32f10x_tim.o(.text)
    TIM_OC2Init                              0x080048e3   Thumb Code   154  stm32f10x_tim.o(.text)
    TIM_OC3Init                              0x0800497d   Thumb Code   150  stm32f10x_tim.o(.text)
    TIM_OC4Init                              0x08004a13   Thumb Code   182  stm32f10x_tim.o(.text)
    TIM_SetIC4Prescaler                      0x08004ac9   Thumb Code    26  stm32f10x_tim.o(.text)
    TIM_SetIC3Prescaler                      0x08004b65   Thumb Code    18  stm32f10x_tim.o(.text)
    TIM_SetIC2Prescaler                      0x08004bf1   Thumb Code    26  stm32f10x_tim.o(.text)
    TIM_SetIC1Prescaler                      0x08004c8d   Thumb Code    18  stm32f10x_tim.o(.text)
    TIM_ICInit                               0x08004d0b   Thumb Code   150  stm32f10x_tim.o(.text)
    TIM_PWMIConfig                           0x08004da1   Thumb Code   124  stm32f10x_tim.o(.text)
    TIM_BDTRConfig                           0x08004e1d   Thumb Code    32  stm32f10x_tim.o(.text)
    TIM_TimeBaseStructInit                   0x08004e3d   Thumb Code    18  stm32f10x_tim.o(.text)
    TIM_OCStructInit                         0x08004e4f   Thumb Code    20  stm32f10x_tim.o(.text)
    TIM_ICStructInit                         0x08004e63   Thumb Code    18  stm32f10x_tim.o(.text)
    TIM_BDTRStructInit                       0x08004e75   Thumb Code    40  stm32f10x_tim.o(.text)
    TIM_Cmd                                  0x08004e9d   Thumb Code    24  stm32f10x_tim.o(.text)
    TIM_CtrlPWMOutputs                       0x08004eb5   Thumb Code    30  stm32f10x_tim.o(.text)
    TIM_ITConfig                             0x08004ed3   Thumb Code    18  stm32f10x_tim.o(.text)
    TIM_GenerateEvent                        0x08004ee5   Thumb Code     4  stm32f10x_tim.o(.text)
    TIM_DMAConfig                            0x08004ee9   Thumb Code    10  stm32f10x_tim.o(.text)
    TIM_DMACmd                               0x08004ef3   Thumb Code    18  stm32f10x_tim.o(.text)
    TIM_InternalClockConfig                  0x08004f05   Thumb Code    12  stm32f10x_tim.o(.text)
    TIM_SelectInputTrigger                   0x08004f11   Thumb Code    18  stm32f10x_tim.o(.text)
    TIM_ITRxExternalClockConfig              0x08004f23   Thumb Code    24  stm32f10x_tim.o(.text)
    TIM_TIxExternalClockConfig               0x08004f3b   Thumb Code    62  stm32f10x_tim.o(.text)
    TIM_ETRConfig                            0x08004f79   Thumb Code    28  stm32f10x_tim.o(.text)
    TIM_ETRClockMode1Config                  0x08004f95   Thumb Code    54  stm32f10x_tim.o(.text)
    TIM_ETRClockMode2Config                  0x08004fcb   Thumb Code    32  stm32f10x_tim.o(.text)
    TIM_PrescalerConfig                      0x08004feb   Thumb Code     6  stm32f10x_tim.o(.text)
    TIM_CounterModeConfig                    0x08004ff1   Thumb Code    18  stm32f10x_tim.o(.text)
    TIM_EncoderInterfaceConfig               0x08005003   Thumb Code    66  stm32f10x_tim.o(.text)
    TIM_ForcedOC1Config                      0x08005045   Thumb Code    18  stm32f10x_tim.o(.text)
    TIM_ForcedOC2Config                      0x08005057   Thumb Code    26  stm32f10x_tim.o(.text)
    TIM_ForcedOC3Config                      0x08005071   Thumb Code    18  stm32f10x_tim.o(.text)
    TIM_ForcedOC4Config                      0x08005083   Thumb Code    26  stm32f10x_tim.o(.text)
    TIM_ARRPreloadConfig                     0x0800509d   Thumb Code    24  stm32f10x_tim.o(.text)
    TIM_SelectCOM                            0x080050b5   Thumb Code    24  stm32f10x_tim.o(.text)
    TIM_SelectCCDMA                          0x080050cd   Thumb Code    24  stm32f10x_tim.o(.text)
    TIM_CCPreloadControl                     0x080050e5   Thumb Code    24  stm32f10x_tim.o(.text)
    TIM_OC1PreloadConfig                     0x080050fd   Thumb Code    18  stm32f10x_tim.o(.text)
    TIM_OC2PreloadConfig                     0x0800510f   Thumb Code    26  stm32f10x_tim.o(.text)
    TIM_OC3PreloadConfig                     0x08005129   Thumb Code    18  stm32f10x_tim.o(.text)
    TIM_OC4PreloadConfig                     0x0800513b   Thumb Code    26  stm32f10x_tim.o(.text)
    TIM_OC1FastConfig                        0x08005155   Thumb Code    18  stm32f10x_tim.o(.text)
    TIM_OC2FastConfig                        0x08005167   Thumb Code    26  stm32f10x_tim.o(.text)
    TIM_OC3FastConfig                        0x08005181   Thumb Code    18  stm32f10x_tim.o(.text)
    TIM_OC4FastConfig                        0x08005193   Thumb Code    26  stm32f10x_tim.o(.text)
    TIM_ClearOC1Ref                          0x080051ad   Thumb Code    18  stm32f10x_tim.o(.text)
    TIM_ClearOC2Ref                          0x080051bf   Thumb Code    24  stm32f10x_tim.o(.text)
    TIM_ClearOC3Ref                          0x080051d7   Thumb Code    18  stm32f10x_tim.o(.text)
    TIM_ClearOC4Ref                          0x080051e9   Thumb Code    24  stm32f10x_tim.o(.text)
    TIM_OC1PolarityConfig                    0x08005201   Thumb Code    18  stm32f10x_tim.o(.text)
    TIM_OC1NPolarityConfig                   0x08005213   Thumb Code    18  stm32f10x_tim.o(.text)
    TIM_OC2PolarityConfig                    0x08005225   Thumb Code    26  stm32f10x_tim.o(.text)
    TIM_OC2NPolarityConfig                   0x0800523f   Thumb Code    26  stm32f10x_tim.o(.text)
    TIM_OC3PolarityConfig                    0x08005259   Thumb Code    26  stm32f10x_tim.o(.text)
    TIM_OC3NPolarityConfig                   0x08005273   Thumb Code    26  stm32f10x_tim.o(.text)
    TIM_OC4PolarityConfig                    0x0800528d   Thumb Code    26  stm32f10x_tim.o(.text)
    TIM_CCxCmd                               0x080052a7   Thumb Code    30  stm32f10x_tim.o(.text)
    TIM_CCxNCmd                              0x080052c5   Thumb Code    30  stm32f10x_tim.o(.text)
    TIM_SelectOCxM                           0x080052e3   Thumb Code    82  stm32f10x_tim.o(.text)
    TIM_UpdateDisableConfig                  0x08005335   Thumb Code    24  stm32f10x_tim.o(.text)
    TIM_UpdateRequestConfig                  0x0800534d   Thumb Code    24  stm32f10x_tim.o(.text)
    TIM_SelectHallSensor                     0x08005365   Thumb Code    24  stm32f10x_tim.o(.text)
    TIM_SelectOnePulseMode                   0x0800537d   Thumb Code    18  stm32f10x_tim.o(.text)
    TIM_SelectOutputTrigger                  0x0800538f   Thumb Code    18  stm32f10x_tim.o(.text)
    TIM_SelectSlaveMode                      0x080053a1   Thumb Code    18  stm32f10x_tim.o(.text)
    TIM_SelectMasterSlaveMode                0x080053b3   Thumb Code    18  stm32f10x_tim.o(.text)
    TIM_SetCounter                           0x080053c5   Thumb Code     4  stm32f10x_tim.o(.text)
    TIM_SetAutoreload                        0x080053c9   Thumb Code     4  stm32f10x_tim.o(.text)
    TIM_SetCompare1                          0x080053cd   Thumb Code     4  stm32f10x_tim.o(.text)
    TIM_SetCompare2                          0x080053d1   Thumb Code     4  stm32f10x_tim.o(.text)
    TIM_SetCompare3                          0x080053d5   Thumb Code     4  stm32f10x_tim.o(.text)
    TIM_SetCompare4                          0x080053d9   Thumb Code     6  stm32f10x_tim.o(.text)
    TIM_SetClockDivision                     0x080053df   Thumb Code    18  stm32f10x_tim.o(.text)
    TIM_GetCapture1                          0x080053f1   Thumb Code     6  stm32f10x_tim.o(.text)
    TIM_GetCapture2                          0x080053f7   Thumb Code     6  stm32f10x_tim.o(.text)
    TIM_GetCapture3                          0x080053fd   Thumb Code     6  stm32f10x_tim.o(.text)
    TIM_GetCapture4                          0x08005403   Thumb Code     8  stm32f10x_tim.o(.text)
    TIM_GetCounter                           0x0800540b   Thumb Code     6  stm32f10x_tim.o(.text)
    TIM_GetPrescaler                         0x08005411   Thumb Code     6  stm32f10x_tim.o(.text)
    TIM_GetFlagStatus                        0x08005417   Thumb Code    18  stm32f10x_tim.o(.text)
    TIM_ClearFlag                            0x08005429   Thumb Code     6  stm32f10x_tim.o(.text)
    TIM_GetITStatus                          0x0800542f   Thumb Code    34  stm32f10x_tim.o(.text)
    TIM_ClearITPendingBit                    0x08005451   Thumb Code     6  stm32f10x_tim.o(.text)
    BSP_CPU_ClkFreq                          0x08005459   Thumb Code    16  bsp.o(.text)
    CPU_TS_TmrInit                           0x08005469   Thumb Code    44  bsp.o(.text)
    CPU_TS_TmrRd                             0x08005495   Thumb Code     6  bsp.o(.text)
    CPU_TS32_to_uSec                         0x0800549b   Thumb Code    54  bsp.o(.text)
    CPU_NameClr                              0x080054dd   Thumb Code    42  cpu_core.o(.text)
    CPU_Init                                 0x0800551d   Thumb Code    12  cpu_core.o(.text)
    CPU_SW_Exception                         0x08005529   Thumb Code     4  cpu_core.o(.text)
    CPU_NameGet                              0x0800552d   Thumb Code    70  cpu_core.o(.text)
    CPU_NameSet                              0x08005573   Thumb Code    96  cpu_core.o(.text)
    CPU_TS_Get32                             0x080055d3   Thumb Code    12  cpu_core.o(.text)
    CPU_TS_Update                            0x080055df   Thumb Code     2  cpu_core.o(.text)
    CPU_TS_TmrFreqGet                        0x080055e1   Thumb Code    30  cpu_core.o(.text)
    CPU_TS_TmrFreqSet                        0x080055ff   Thumb Code     6  cpu_core.o(.text)
    CPU_CntLeadZeros08                       0x08005605   Thumb Code    18  cpu_core.o(.text)
    CPU_CntLeadZeros16                       0x08005617   Thumb Code    18  cpu_core.o(.text)
    CPU_CntLeadZeros32                       0x08005629   Thumb Code    18  cpu_core.o(.text)
    CPU_CntLeadZeros64                       0x0800563b   Thumb Code   188  cpu_core.o(.text)
    CPU_CntTrailZeros08                      0x080056f7   Thumb Code    22  cpu_core.o(.text)
    CPU_CntTrailZeros16                      0x0800570d   Thumb Code    22  cpu_core.o(.text)
    CPU_CntTrailZeros32                      0x08005723   Thumb Code    22  cpu_core.o(.text)
    CPU_CntTrailZeros64                      0x08005739   Thumb Code    62  cpu_core.o(.text)
    CPU_IntDis                               0x08005785   Thumb Code     0  cpu_a.o(.text)
    CPU_IntEn                                0x08005789   Thumb Code     0  cpu_a.o(.text)
    CPU_SR_Save                              0x0800578d   Thumb Code     0  cpu_a.o(.text)
    CPU_SR_Restore                           0x08005795   Thumb Code     0  cpu_a.o(.text)
    CPU_WaitForInt                           0x0800579b   Thumb Code     0  cpu_a.o(.text)
    CPU_WaitForExcept                        0x0800579f   Thumb Code     0  cpu_a.o(.text)
    CPU_CntLeadZeros                         0x080057a3   Thumb Code     0  cpu_a.o(.text)
    CPU_CntTrailZeros                        0x080057a9   Thumb Code     0  cpu_a.o(.text)
    CPU_RevBits                              0x080057b3   Thumb Code     0  cpu_a.o(.text)
    ASCII_IsAlpha                            0x080057b9   Thumb Code    48  lib_ascii.o(.text)
    ASCII_IsAlphaNum                         0x080057e9   Thumb Code    76  lib_ascii.o(.text)
    ASCII_IsLower                            0x08005835   Thumb Code    20  lib_ascii.o(.text)
    ASCII_IsUpper                            0x08005849   Thumb Code    20  lib_ascii.o(.text)
    ASCII_IsDig                              0x0800585d   Thumb Code    20  lib_ascii.o(.text)
    ASCII_IsDigOct                           0x08005871   Thumb Code    20  lib_ascii.o(.text)
    ASCII_IsDigHex                           0x08005885   Thumb Code    36  lib_ascii.o(.text)
    ASCII_IsBlank                            0x080058a9   Thumb Code    20  lib_ascii.o(.text)
    ASCII_IsSpace                            0x080058bd   Thumb Code    36  lib_ascii.o(.text)
    ASCII_IsPrint                            0x080058e1   Thumb Code    20  lib_ascii.o(.text)
    ASCII_IsGraph                            0x080058f5   Thumb Code    20  lib_ascii.o(.text)
    ASCII_IsPunct                            0x08005909   Thumb Code   134  lib_ascii.o(.text)
    ASCII_IsCtrl                             0x0800598f   Thumb Code    26  lib_ascii.o(.text)
    ASCII_ToLower                            0x080059a9   Thumb Code    32  lib_ascii.o(.text)
    ASCII_ToUpper                            0x080059c9   Thumb Code    32  lib_ascii.o(.text)
    ASCII_Cmp                                0x080059e9   Thumb Code    38  lib_ascii.o(.text)
    Mem_Init                                 0x08005a11   Thumb Code    54  lib_mem.o(.text)
    Mem_Set                                  0x08005a47   Thumb Code    84  lib_mem.o(.text)
    Mem_Clr                                  0x08005a9b   Thumb Code    18  lib_mem.o(.text)
    Mem_Move                                 0x08005aad   Thumb Code   186  lib_mem.o(.text)
    Mem_Cmp                                  0x08005b67   Thumb Code   192  lib_mem.o(.text)
    Mem_HeapAlloc                            0x08005c9f   Thumb Code   168  lib_mem.o(.text)
    Mem_SegGetSizeRem                        0x08005d47   Thumb Code   108  lib_mem.o(.text)
    Mem_HeapGetSizeRem                       0x08005db3   Thumb Code    22  lib_mem.o(.text)
    Mem_PoolClr                              0x08005dc9   Thumb Code    80  lib_mem.o(.text)
    Mem_PoolCreate                           0x08005e19   Thumb Code   838  lib_mem.o(.text)
    Mem_PoolBlkGetNbrAvail                   0x0800615f   Thumb Code    52  lib_mem.o(.text)
    Mem_PoolBlkGet                           0x08006193   Thumb Code   126  lib_mem.o(.text)
    Mem_PoolBlkGetUsedAtIx                   0x08006211   Thumb Code   140  lib_mem.o(.text)
    Mem_PoolBlkFree                          0x0800629d   Thumb Code   152  lib_mem.o(.text)
    Mem_PoolBlkIxGet                         0x08006335   Thumb Code   162  lib_mem.o(.text)
    Str_Len_N                                0x080063d9   Thumb Code    28  lib_str.o(.text)
    Str_Len                                  0x080063f5   Thumb Code    20  lib_str.o(.text)
    Str_Copy_N                               0x08006409   Thumb Code    70  lib_str.o(.text)
    Str_Copy                                 0x0800644f   Thumb Code    24  lib_str.o(.text)
    Str_Cat_N                                0x08006467   Thumb Code    90  lib_str.o(.text)
    Str_Cat                                  0x080064c1   Thumb Code    24  lib_str.o(.text)
    Str_Cmp_N                                0x080064d9   Thumb Code   156  lib_str.o(.text)
    Str_Cmp                                  0x08006575   Thumb Code    24  lib_str.o(.text)
    Str_CmpIgnoreCase_N                      0x0800658d   Thumb Code   264  lib_str.o(.text)
    Str_CmpIgnoreCase                        0x08006695   Thumb Code    24  lib_str.o(.text)
    Str_Char_N                               0x080066ad   Thumb Code    74  lib_str.o(.text)
    Str_Char                                 0x080066f7   Thumb Code    24  lib_str.o(.text)
    Str_Char_Last_N                          0x0800670f   Thumb Code    76  lib_str.o(.text)
    Str_Char_Last                            0x0800675b   Thumb Code    24  lib_str.o(.text)
    Str_Char_Replace_N                       0x08006773   Thumb Code    52  lib_str.o(.text)
    Str_Char_Replace                         0x080067a7   Thumb Code    28  lib_str.o(.text)
    Str_Str_N                                0x080067c3   Thumb Code   182  lib_str.o(.text)
    Str_Str                                  0x08006879   Thumb Code    24  lib_str.o(.text)
    Str_FmtNbr_Int32U                        0x08006a6d   Thumb Code    46  lib_str.o(.text)
    Str_FmtNbr_Int32S                        0x08006a9b   Thumb Code    62  lib_str.o(.text)
    Str_ParseNbr_Int32U                      0x08006c97   Thumb Code    30  lib_str.o(.text)
    Str_ParseNbr_Int32S                      0x08006cb5   Thumb Code    74  lib_str.o(.text)
    Mem_Copy                                 0x08006d05   Thumb Code     0  lib_mem_a.o(.text)
    OSCfg_Init                               0x08006f25   Thumb Code    86  os_cfg_app.o(.text)
    OS_IdleTask                              0x08007021   Thumb Code    60  os_core.o(.text)
    OS_IdleTaskInit                          0x0800705d   Thumb Code    68  os_core.o(.text)
    OS_RdyListInit                           0x080070a1   Thumb Code    32  os_core.o(.text)
    OSInit                                   0x080070c1   Thumb Code   300  os_core.o(.text)
    OSIntEnter                               0x080071ed   Thumb Code    34  os_core.o(.text)
    OSIntExit                                0x0800720f   Thumb Code   188  os_core.o(.text)
    OSSched                                  0x080072cb   Thumb Code   130  os_core.o(.text)
    OS_SchedLockTimeMeasStart                0x0800734d   Thumb Code    20  os_core.o(.text)
    OSSchedLock                              0x08007361   Thumb Code   104  os_core.o(.text)
    OS_SchedLockTimeMeasStop                 0x080073c9   Thumb Code    44  os_core.o(.text)
    OSSchedUnlock                            0x080073f5   Thumb Code   286  os_core.o(.text)
    OSSchedRoundRobinCfg                     0x08007513   Thumb Code    88  os_core.o(.text)
    OS_RdyListMoveHeadToTail                 0x0800756b   Thumb Code    68  os_core.o(.text)
    OSSchedRoundRobinYield                   0x080075af   Thumb Code   164  os_core.o(.text)
    OSStart                                  0x08007653   Thumb Code    78  os_core.o(.text)
    OSVersion                                0x080076a1   Thumb Code    12  os_core.o(.text)
    OS_PendDbgNameAdd                        0x080076ad   Thumb Code    66  os_core.o(.text)
    OS_PendListInsertPrio                    0x080076ef   Thumb Code   102  os_core.o(.text)
    OS_PendDataInit                          0x08007755   Thumb Code    38  os_core.o(.text)
    OS_RdyListRemove                         0x0800777b   Thumb Code    86  os_core.o(.text)
    OS_TaskBlock                             0x080077d1   Thumb Code    56  os_core.o(.text)
    OS_Pend                                  0x08007809   Thumb Code    98  os_core.o(.text)
    OS_PendListRemove1                       0x0800786b   Thumb Code   136  os_core.o(.text)
    OS_PendListRemove                        0x080078f3   Thumb Code    48  os_core.o(.text)
    OS_PendAbort1                            0x08007923   Thumb Code    36  os_core.o(.text)
    OS_RdyListInsertHead                     0x08007947   Thumb Code    58  os_core.o(.text)
    OS_RdyListInsertTail                     0x08007981   Thumb Code    56  os_core.o(.text)
    OS_RdyListInsert                         0x080079b9   Thumb Code    40  os_core.o(.text)
    OS_TaskRdy                               0x080079e1   Thumb Code    28  os_core.o(.text)
    OS_PendAbort                             0x080079fd   Thumb Code   166  os_core.o(.text)
    OS_PendDbgNameRemove                     0x08007aa3   Thumb Code    34  os_core.o(.text)
    OS_PendListChangePrio                    0x08007ac5   Thumb Code    70  os_core.o(.text)
    OS_PendListInit                          0x08007b0b   Thumb Code    10  os_core.o(.text)
    OS_PendListInsertHead                    0x08007b15   Thumb Code    32  os_core.o(.text)
    OS_PendObjDel1                           0x08007b35   Thumb Code    36  os_core.o(.text)
    OS_PendObjDel                            0x08007b59   Thumb Code   162  os_core.o(.text)
    OS_Post1                                 0x08007bfb   Thumb Code    42  os_core.o(.text)
    OS_Post                                  0x08007c25   Thumb Code   192  os_core.o(.text)
    OS_Sched0                                0x08007ce5   Thumb Code    68  os_core.o(.text)
    OS_SchedRoundRobin                       0x08007d29   Thumb Code   218  os_core.o(.text)
    OS_Dbg_Init                              0x08007e11   Thumb Code   146  os_dbg.o(.text)
    OS_FlagDbgListAdd                        0x08007fc1   Thumb Code    38  os_flag.o(.text)
    OSFlagCreate                             0x08007fe7   Thumb Code   172  os_flag.o(.text)
    OS_FlagClr                               0x08008093   Thumb Code    28  os_flag.o(.text)
    OS_FlagDbgListRemove                     0x080080af   Thumb Code    44  os_flag.o(.text)
    OSFlagDel                                0x080080db   Thumb Code   594  os_flag.o(.text)
    OS_FlagBlock                             0x0800832d   Thumb Code    58  os_flag.o(.text)
    OSFlagPend                               0x08008367   Thumb Code  1488  os_flag.o(.text)
    OSFlagPendAbort                          0x08008937   Thumb Code   292  os_flag.o(.text)
    OSFlagPendGetFlagsRdy                    0x08008a5b   Thumb Code    68  os_flag.o(.text)
    OS_FlagTaskRdy                           0x08008a9f   Thumb Code    86  os_flag.o(.text)
    OS_FlagPost                              0x08008af5   Thumb Code   570  os_flag.o(.text)
    OSFlagPost                               0x08008d2f   Thumb Code   146  os_flag.o(.text)
    OS_FlagInit                              0x08008dc1   Thumb Code    14  os_flag.o(.text)
    OS_IntQPost                              0x08008de9   Thumb Code   216  os_int.o(.text)
    OS_IntQRePost                            0x08008ec1   Thumb Code   360  os_int.o(.text)
    OS_IntQTask                              0x08009029   Thumb Code   162  os_int.o(.text)
    OS_IntQTaskInit                          0x080090cb   Thumb Code   208  os_int.o(.text)
    OS_MemDbgListAdd                         0x0800922d   Thumb Code    34  os_mem.o(.text)
    OSMemCreate                              0x0800924f   Thumb Code   288  os_mem.o(.text)
    OSMemGet                                 0x0800936f   Thumb Code   100  os_mem.o(.text)
    OSMemPut                                 0x080093d3   Thumb Code   112  os_mem.o(.text)
    OS_MemInit                               0x08009443   Thumb Code    14  os_mem.o(.text)
    OS_MsgPoolCreate                         0x08009465   Thumb Code    54  os_msg.o(.text)
    OS_MsgPoolInit                           0x0800949b   Thumb Code    70  os_msg.o(.text)
    OS_MsgQFreeAll                           0x080094e1   Thumb Code    62  os_msg.o(.text)
    OS_MsgQInit                              0x0800951f   Thumb Code    14  os_msg.o(.text)
    OS_MsgQGet                               0x0800952d   Thumb Code    98  os_msg.o(.text)
    OS_MsgQPut                               0x0800958f   Thumb Code   246  os_msg.o(.text)
    OS_MutexDbgListAdd                       0x08009691   Thumb Code    38  os_mutex.o(.text)
    OSMutexCreate                            0x080096b7   Thumb Code   178  os_mutex.o(.text)
    OS_MutexClr                              0x08009769   Thumb Code    38  os_mutex.o(.text)
    OS_MutexDbgListRemove                    0x0800978f   Thumb Code    44  os_mutex.o(.text)
    OSMutexDel                               0x080097bb   Thumb Code   842  os_mutex.o(.text)
    OSMutexPend                              0x08009b05   Thumb Code   706  os_mutex.o(.text)
    OSMutexPendAbort                         0x08009dc7   Thumb Code   314  os_mutex.o(.text)
    OSMutexPost                              0x08009f01   Thumb Code   564  os_mutex.o(.text)
    OS_MutexInit                             0x0800a135   Thumb Code    14  os_mutex.o(.text)
    OS_PrioInit                              0x0800a165   Thumb Code    20  os_prio.o(.text)
    OS_PrioGetHighest                        0x0800a179   Thumb Code    36  os_prio.o(.text)
    OS_PrioInsert                            0x0800a19d   Thumb Code    32  os_prio.o(.text)
    OS_PrioRemove                            0x0800a1bd   Thumb Code    32  os_prio.o(.text)
    OS_QDbgListAdd                           0x0800a1e1   Thumb Code    38  os_q.o(.text)
    OSQCreate                                0x0800a207   Thumb Code   186  os_q.o(.text)
    OS_QClr                                  0x0800a2c1   Thumb Code    40  os_q.o(.text)
    OS_QDbgListRemove                        0x0800a2e9   Thumb Code    44  os_q.o(.text)
    OSQDel                                   0x0800a315   Thumb Code   362  os_q.o(.text)
    OSQFlush                                 0x0800a47f   Thumb Code   210  os_q.o(.text)
    OSQPend                                  0x0800a551   Thumb Code   538  os_q.o(.text)
    OSQPendAbort                             0x0800a76b   Thumb Code   292  os_q.o(.text)
    OS_QPost                                 0x0800a88f   Thumb Code   324  os_q.o(.text)
    OSQPost                                  0x0800a9d3   Thumb Code   198  os_q.o(.text)
    OS_QInit                                 0x0800aa99   Thumb Code    14  os_q.o(.text)
    OS_SemDbgListAdd                         0x0800aab9   Thumb Code    38  os_sem.o(.text)
    OSSemCreate                              0x0800aadf   Thumb Code   172  os_sem.o(.text)
    OS_SemClr                                0x0800ab8b   Thumb Code    28  os_sem.o(.text)
    OS_SemDbgListRemove                      0x0800aba7   Thumb Code    44  os_sem.o(.text)
    OSSemDel                                 0x0800abd3   Thumb Code   362  os_sem.o(.text)
    OSSemPend                                0x0800ad3d   Thumb Code   504  os_sem.o(.text)
    OSSemPendAbort                           0x0800af35   Thumb Code   292  os_sem.o(.text)
    OS_SemPost                               0x0800b059   Thumb Code   350  os_sem.o(.text)
    OSSemPost                                0x0800b1b7   Thumb Code   144  os_sem.o(.text)
    OSSemSet                                 0x0800b247   Thumb Code   138  os_sem.o(.text)
    OS_SemInit                               0x0800b2d1   Thumb Code    14  os_sem.o(.text)
    OSStatReset                              0x0800b2e9   Thumb Code   270  os_stat.o(.text)
    OSStatTaskCPUUsageInit                   0x0800b3f7   Thumb Code   212  os_stat.o(.text)
    OS_StatTask                              0x0800b4cb   Thumb Code   888  os_stat.o(.text)
    OS_StatTaskInit                          0x0800b843   Thumb Code   138  os_stat.o(.text)
    OS_TaskDbgListAdd                        0x0800b921   Thumb Code    42  os_task.o(.text)
    OS_TaskInitTCB                           0x0800b94b   Thumb Code   186  os_task.o(.text)
    OSTaskCreate                             0x0800ba05   Thumb Code   566  os_task.o(.text)
    OS_TaskDbgListRemove                     0x0800bc3b   Thumb Code    64  os_task.o(.text)
    OSTaskDel                                0x0800bc7b   Thumb Code   482  os_task.o(.text)
    OSTaskQFlush                             0x0800be5d   Thumb Code   214  os_task.o(.text)
    OSTaskQPend                              0x0800bf33   Thumb Code   514  os_task.o(.text)
    OS_TaskQPost                             0x0800c135   Thumb Code   532  os_task.o(.text)
    OSTaskQPost                              0x0800c349   Thumb Code   114  os_task.o(.text)
    OSTaskRegGet                             0x0800c3bb   Thumb Code    78  os_task.o(.text)
    OSTaskRegGetID                           0x0800c409   Thumb Code    84  os_task.o(.text)
    OSTaskRegSet                             0x0800c45d   Thumb Code    78  os_task.o(.text)
    OS_TaskResume                            0x0800c4ab   Thumb Code   338  os_task.o(.text)
    OSTaskResume                             0x0800c5fd   Thumb Code   112  os_task.o(.text)
    OSTaskSemPend                            0x0800c66d   Thumb Code   520  os_task.o(.text)
    OSTaskSemPendAbort                       0x0800c875   Thumb Code   270  os_task.o(.text)
    OS_TaskSemPost                           0x0800c983   Thumb Code  1232  os_task.o(.text)
    OSTaskSemPost                            0x0800ce53   Thumb Code    98  os_task.o(.text)
    OSTaskSemSet                             0x0800ceb5   Thumb Code    80  os_task.o(.text)
    OSTaskStkChk                             0x0800cf05   Thumb Code   204  os_task.o(.text)
    OS_TaskSuspend                           0x0800cfd1   Thumb Code   328  os_task.o(.text)
    OSTaskSuspend                            0x0800d119   Thumb Code    78  os_task.o(.text)
    OSTaskTimeQuantaSet                      0x0800d167   Thumb Code    96  os_task.o(.text)
    OS_TaskInit                              0x0800d1c7   Thumb Code    18  os_task.o(.text)
    OS_TaskReturn                            0x0800d1d9   Thumb Code    20  os_task.o(.text)
    OS_TickListRemove                        0x0800d219   Thumb Code    56  os_tick.o(.text)
    OS_TickListUpdate                        0x0800d251   Thumb Code   480  os_tick.o(.text)
    OS_TickTask                              0x0800d431   Thumb Code    38  os_tick.o(.text)
    OS_TickListInit                          0x0800d457   Thumb Code    32  os_tick.o(.text)
    OS_TickTaskInit                          0x0800d477   Thumb Code   130  os_tick.o(.text)
    OS_TickListInsert                        0x0800d4f9   Thumb Code   502  os_tick.o(.text)
    OS_TickListResetPeak                     0x0800d6ef   Thumb Code    28  os_tick.o(.text)
    OSTimeDly                                0x0800d715   Thumb Code   266  os_time.o(.text)
    OSTimeDlyHMSM                            0x0800d81f   Thumb Code   480  os_time.o(.text)
    OSTimeDlyResume                          0x0800d9ff   Thumb Code   466  os_time.o(.text)
    OSTimeGet                                0x0800dbd1   Thumb Code    46  os_time.o(.text)
    OSTimeSet                                0x0800dbff   Thumb Code    46  os_time.o(.text)
    OSTimeTick                               0x0800dc2d   Thumb Code    54  os_time.o(.text)
    OS_TmrDbgListAdd                         0x0800dc79   Thumb Code    34  os_tmr.o(.text)
    OSTmrCreate                              0x0800dc9b   Thumb Code   248  os_tmr.o(.text)
    OS_TmrClr                                0x0800dd93   Thumb Code    36  os_tmr.o(.text)
    OS_TmrUnlink                             0x0800ddb7   Thumb Code    72  os_tmr.o(.text)
    OS_TmrDbgListRemove                      0x0800ddff   Thumb Code    44  os_tmr.o(.text)
    OSTmrDel                                 0x0800de2b   Thumb Code   176  os_tmr.o(.text)
    OSTmrRemainGet                           0x0800dedb   Thumb Code   184  os_tmr.o(.text)
    OS_TmrLink                               0x0800df93   Thumb Code   196  os_tmr.o(.text)
    OSTmrStart                               0x0800e057   Thumb Code   210  os_tmr.o(.text)
    OSTmrStateGet                            0x0800e129   Thumb Code   134  os_tmr.o(.text)
    OSTmrStop                                0x0800e1af   Thumb Code   232  os_tmr.o(.text)
    OS_TmrTask                               0x0800e297   Thumb Code   176  os_tmr.o(.text)
    OS_TmrInit                               0x0800e347   Thumb Code   208  os_tmr.o(.text)
    OS_TmrResetPeak                          0x0800e417   Thumb Code    28  os_tmr.o(.text)
    OSIdleTaskHook                           0x0800e491   Thumb Code    16  os_cpu_c.o(.text)
    OSInitHook                               0x0800e4a1   Thumb Code    28  os_cpu_c.o(.text)
    OSStatTaskHook                           0x0800e4bd   Thumb Code    16  os_cpu_c.o(.text)
    OSTaskCreateHook                         0x0800e4cd   Thumb Code    20  os_cpu_c.o(.text)
    OSTaskDelHook                            0x0800e4e1   Thumb Code    20  os_cpu_c.o(.text)
    OSTaskReturnHook                         0x0800e4f5   Thumb Code    20  os_cpu_c.o(.text)
    OSTaskStkInit                            0x0800e509   Thumb Code   192  os_cpu_c.o(.text)
    OSTaskSwHook                             0x0800e5c9   Thumb Code   120  os_cpu_c.o(.text)
    OSTimeTickHook                           0x0800e641   Thumb Code    16  os_cpu_c.o(.text)
    OS_CPU_SysTickHandler                    0x0800e651   Thumb Code    52  os_cpu_c.o(.text)
    OS_CPU_SysTickInit                       0x0800e685   Thumb Code    44  os_cpu_c.o(.text)
    __aeabi_uldivmod                         0x0800e6f1   Thumb Code    98  uldiv.o(.text)
    __aeabi_memset                           0x0800e753   Thumb Code    14  memseta.o(.text)
    __aeabi_memset4                          0x0800e753   Thumb Code     0  memseta.o(.text)
    __aeabi_memset8                          0x0800e753   Thumb Code     0  memseta.o(.text)
    __aeabi_memclr                           0x0800e761   Thumb Code     4  memseta.o(.text)
    __aeabi_memclr4                          0x0800e761   Thumb Code     0  memseta.o(.text)
    __aeabi_memclr8                          0x0800e761   Thumb Code     0  memseta.o(.text)
    _memset$wrapper                          0x0800e765   Thumb Code    18  memseta.o(.text)
    __aeabi_fadd                             0x0800e777   Thumb Code   164  fadd.o(.text)
    __aeabi_fsub                             0x0800e81b   Thumb Code     6  fadd.o(.text)
    __aeabi_frsub                            0x0800e821   Thumb Code     6  fadd.o(.text)
    __aeabi_fmul                             0x0800e827   Thumb Code   100  fmul.o(.text)
    __aeabi_fdiv                             0x0800e88b   Thumb Code   124  fdiv.o(.text)
    __aeabi_dmul                             0x0800e907   Thumb Code   228  dmul.o(.text)
    __aeabi_i2f                              0x0800e9eb   Thumb Code    18  fflti.o(.text)
    __aeabi_i2d                              0x0800e9fd   Thumb Code    34  dflti.o(.text)
    __aeabi_f2iz                             0x0800ea1f   Thumb Code    50  ffixi.o(.text)
    __aeabi_f2d                              0x0800ea51   Thumb Code    38  f2d.o(.text)
    __aeabi_d2f                              0x0800ea77   Thumb Code    56  d2f.o(.text)
    __aeabi_uidiv                            0x0800eaaf   Thumb Code     0  uidiv.o(.text)
    __aeabi_uidivmod                         0x0800eaaf   Thumb Code    44  uidiv.o(.text)
    __aeabi_llsl                             0x0800eadb   Thumb Code    30  llshl.o(.text)
    _ll_shift_l                              0x0800eadb   Thumb Code     0  llshl.o(.text)
    __aeabi_llsr                             0x0800eaf9   Thumb Code    32  llushr.o(.text)
    _ll_ushift_r                             0x0800eaf9   Thumb Code     0  llushr.o(.text)
    __I$use$fp                               0x0800eb19   Thumb Code     0  iusefp.o(.text)
    _float_round                             0x0800eb19   Thumb Code    18  fepilogue.o(.text)
    _float_epilogue                          0x0800eb2b   Thumb Code    92  fepilogue.o(.text)
    _double_round                            0x0800eb87   Thumb Code    30  depilogue.o(.text)
    _double_epilogue                         0x0800eba5   Thumb Code   156  depilogue.o(.text)
    __scatterload                            0x0800ec41   Thumb Code    28  init.o(.text)
    __scatterload_rt2                        0x0800ec41   Thumb Code     0  init.o(.text)
    __decompress                             0x0800ec65   Thumb Code     0  __dczerorl2.o(.text)
    __decompress1                            0x0800ec65   Thumb Code    86  __dczerorl2.o(.text)
    OSStartHighRdy                           0x0800ecbd   Thumb Code     0  os_cpu_a.o(CODE)
    OSCtxSw                                  0x0800ecdf   Thumb Code     0  os_cpu_a.o(CODE)
    OSIntCtxSw                               0x0800ece9   Thumb Code     0  os_cpu_a.o(CODE)
    PendSV_Handler                           0x0800ecf3   Thumb Code     0  os_cpu_a.o(CODE)
    __0printf$1                              0x0800ed55   Thumb Code    22  printf1.o(i.__0printf$1)
    __1printf$1                              0x0800ed55   Thumb Code     0  printf1.o(i.__0printf$1)
    __2printf                                0x0800ed55   Thumb Code     0  printf1.o(i.__0printf$1)
    __scatterload_copy                       0x0800ed75   Thumb Code    14  handlers.o(i.__scatterload_copy)
    __scatterload_null                       0x0800ed83   Thumb Code     2  handlers.o(i.__scatterload_null)
    __scatterload_zeroinit                   0x0800ed85   Thumb Code    14  handlers.o(i.__scatterload_zeroinit)
    ads_int16_decode                         0x0800eee9   Thumb Code    14  main.o(i.ads_int16_decode)
    ads_uint16_encode                        0x0800eef7   Thumb Code    12  main.o(i.ads_uint16_encode)
    malloc                                   0x0800ef05   Thumb Code    92  malloc.o(i.malloc)
    CPU_EndiannessTest                       0x0800f070   Data           4  cpu_core.o(.constdata)
    OSCfg_IdleTaskStkBasePtr                 0x0800f108   Data           4  os_cfg_app.o(.constdata)
    OSCfg_IdleTaskStkLimit                   0x0800f10c   Data           4  os_cfg_app.o(.constdata)
    OSCfg_IdleTaskStkSize                    0x0800f110   Data           4  os_cfg_app.o(.constdata)
    OSCfg_IdleTaskStkSizeRAM                 0x0800f114   Data           4  os_cfg_app.o(.constdata)
    OSCfg_IntQBasePtr                        0x0800f118   Data           4  os_cfg_app.o(.constdata)
    OSCfg_IntQSize                           0x0800f11c   Data           2  os_cfg_app.o(.constdata)
    OSCfg_IntQSizeRAM                        0x0800f120   Data           4  os_cfg_app.o(.constdata)
    OSCfg_IntQTaskStkBasePtr                 0x0800f124   Data           4  os_cfg_app.o(.constdata)
    OSCfg_IntQTaskStkLimit                   0x0800f128   Data           4  os_cfg_app.o(.constdata)
    OSCfg_IntQTaskStkSize                    0x0800f12c   Data           4  os_cfg_app.o(.constdata)
    OSCfg_IntQTaskStkSizeRAM                 0x0800f130   Data           4  os_cfg_app.o(.constdata)
    OSCfg_ISRStkBasePtr                      0x0800f134   Data           4  os_cfg_app.o(.constdata)
    OSCfg_ISRStkSize                         0x0800f138   Data           4  os_cfg_app.o(.constdata)
    OSCfg_ISRStkSizeRAM                      0x0800f13c   Data           4  os_cfg_app.o(.constdata)
    OSCfg_MsgPoolSize                        0x0800f140   Data           2  os_cfg_app.o(.constdata)
    OSCfg_MsgPoolSizeRAM                     0x0800f144   Data           4  os_cfg_app.o(.constdata)
    OSCfg_MsgPoolBasePtr                     0x0800f148   Data           4  os_cfg_app.o(.constdata)
    OSCfg_StatTaskPrio                       0x0800f14c   Data           1  os_cfg_app.o(.constdata)
    OSCfg_StatTaskRate_Hz                    0x0800f150   Data           4  os_cfg_app.o(.constdata)
    OSCfg_StatTaskStkBasePtr                 0x0800f154   Data           4  os_cfg_app.o(.constdata)
    OSCfg_StatTaskStkLimit                   0x0800f158   Data           4  os_cfg_app.o(.constdata)
    OSCfg_StatTaskStkSize                    0x0800f15c   Data           4  os_cfg_app.o(.constdata)
    OSCfg_StatTaskStkSizeRAM                 0x0800f160   Data           4  os_cfg_app.o(.constdata)
    OSCfg_StkSizeMin                         0x0800f164   Data           4  os_cfg_app.o(.constdata)
    OSCfg_TickRate_Hz                        0x0800f168   Data           4  os_cfg_app.o(.constdata)
    OSCfg_TickTaskPrio                       0x0800f16c   Data           1  os_cfg_app.o(.constdata)
    OSCfg_TickTaskStkBasePtr                 0x0800f170   Data           4  os_cfg_app.o(.constdata)
    OSCfg_TickTaskStkLimit                   0x0800f174   Data           4  os_cfg_app.o(.constdata)
    OSCfg_TickTaskStkSize                    0x0800f178   Data           4  os_cfg_app.o(.constdata)
    OSCfg_TickTaskStkSizeRAM                 0x0800f17c   Data           4  os_cfg_app.o(.constdata)
    OSCfg_TickWheelSize                      0x0800f180   Data           2  os_cfg_app.o(.constdata)
    OSCfg_TickWheelSizeRAM                   0x0800f184   Data           4  os_cfg_app.o(.constdata)
    OSCfg_TmrTaskPrio                        0x0800f188   Data           1  os_cfg_app.o(.constdata)
    OSCfg_TmrTaskRate_Hz                     0x0800f18c   Data           4  os_cfg_app.o(.constdata)
    OSCfg_TmrTaskStkBasePtr                  0x0800f190   Data           4  os_cfg_app.o(.constdata)
    OSCfg_TmrTaskStkLimit                    0x0800f194   Data           4  os_cfg_app.o(.constdata)
    OSCfg_TmrTaskStkSize                     0x0800f198   Data           4  os_cfg_app.o(.constdata)
    OSCfg_TmrTaskStkSizeRAM                  0x0800f19c   Data           4  os_cfg_app.o(.constdata)
    OSCfg_TmrWheelSize                       0x0800f1a0   Data           2  os_cfg_app.o(.constdata)
    OSCfg_TmrWheelSizeRAM                    0x0800f1a4   Data           4  os_cfg_app.o(.constdata)
    OSCfg_DataSizeRAM                        0x0800f1a8   Data           4  os_cfg_app.o(.constdata)
    OSDbg_DbgEn                              0x0800f1ac   Data           2  os_dbg.o(.constdata)
    OSDbg_ArgChkEn                           0x0800f1ae   Data           1  os_dbg.o(.constdata)
    OSDbg_AppHooksEn                         0x0800f1af   Data           1  os_dbg.o(.constdata)
    OSDbg_EndiannessTest                     0x0800f1b0   Data           4  os_dbg.o(.constdata)
    OSDbg_CalledFromISRChkEn                 0x0800f1b4   Data           1  os_dbg.o(.constdata)
    OSDbg_FlagEn                             0x0800f1b5   Data           1  os_dbg.o(.constdata)
    OSDbg_FlagGrp                            0x0800f1b8   Data          40  os_dbg.o(.constdata)
    OSDbg_FlagDelEn                          0x0800f1e0   Data           1  os_dbg.o(.constdata)
    OSDbg_FlagModeClrEn                      0x0800f1e1   Data           1  os_dbg.o(.constdata)
    OSDbg_FlagPendAbortEn                    0x0800f1e2   Data           1  os_dbg.o(.constdata)
    OSDbg_FlagGrpSize                        0x0800f1e4   Data           2  os_dbg.o(.constdata)
    OSDbg_FlagWidth                          0x0800f1e6   Data           2  os_dbg.o(.constdata)
    OSDbg_IntQ                               0x0800f1e8   Data           2  os_dbg.o(.constdata)
    OSDbg_ISRPostDeferredEn                  0x0800f1ea   Data           1  os_dbg.o(.constdata)
    OSDbg_Mem                                0x0800f1ec   Data          32  os_dbg.o(.constdata)
    OSDbg_MemEn                              0x0800f20c   Data           1  os_dbg.o(.constdata)
    OSDbg_MemSize                            0x0800f20e   Data           2  os_dbg.o(.constdata)
    OSDbg_MsgEn                              0x0800f210   Data           1  os_dbg.o(.constdata)
    OSDbg_MsgSize                            0x0800f212   Data           2  os_dbg.o(.constdata)
    OSDbg_MsgPoolSize                        0x0800f214   Data           2  os_dbg.o(.constdata)
    OSDbg_MsgQSize                           0x0800f216   Data           2  os_dbg.o(.constdata)
    OSDbg_Mutex                              0x0800f218   Data          44  os_dbg.o(.constdata)
    OSDbg_MutexEn                            0x0800f244   Data           1  os_dbg.o(.constdata)
    OSDbg_MutexDelEn                         0x0800f245   Data           1  os_dbg.o(.constdata)
    OSDbg_MutexPendAbortEn                   0x0800f246   Data           1  os_dbg.o(.constdata)
    OSDbg_MutexSize                          0x0800f248   Data           2  os_dbg.o(.constdata)
    OSDbg_ObjTypeChkEn                       0x0800f24a   Data           1  os_dbg.o(.constdata)
    OSDbg_PendMultiEn                        0x0800f24b   Data           1  os_dbg.o(.constdata)
    OSDbg_PendDataSize                       0x0800f24c   Data           2  os_dbg.o(.constdata)
    OSDbg_PendListSize                       0x0800f24e   Data           2  os_dbg.o(.constdata)
    OSDbg_PendObjSize                        0x0800f250   Data           2  os_dbg.o(.constdata)
    OSDbg_PrioMax                            0x0800f252   Data           2  os_dbg.o(.constdata)
    OSDbg_PrioTblSize                        0x0800f254   Data           2  os_dbg.o(.constdata)
    OSDbg_PtrSize                            0x0800f256   Data           2  os_dbg.o(.constdata)
    OSDbg_Q                                  0x0800f258   Data          48  os_dbg.o(.constdata)
    OSDbg_QEn                                0x0800f288   Data           1  os_dbg.o(.constdata)
    OSDbg_QDelEn                             0x0800f289   Data           1  os_dbg.o(.constdata)
    OSDbg_QFlushEn                           0x0800f28a   Data           1  os_dbg.o(.constdata)
    OSDbg_QPendAbortEn                       0x0800f28b   Data           1  os_dbg.o(.constdata)
    OSDbg_QSize                              0x0800f28c   Data           2  os_dbg.o(.constdata)
    OSDbg_SchedRoundRobinEn                  0x0800f28e   Data           1  os_dbg.o(.constdata)
    OSDbg_Sem                                0x0800f290   Data          40  os_dbg.o(.constdata)
    OSDbg_SemEn                              0x0800f2b8   Data           1  os_dbg.o(.constdata)
    OSDbg_SemDelEn                           0x0800f2b9   Data           1  os_dbg.o(.constdata)
    OSDbg_SemPendAbortEn                     0x0800f2ba   Data           1  os_dbg.o(.constdata)
    OSDbg_SemSetEn                           0x0800f2bb   Data           1  os_dbg.o(.constdata)
    OSDbg_SemSize                            0x0800f2bc   Data           2  os_dbg.o(.constdata)
    OSDbg_RdyList                            0x0800f2be   Data           2  os_dbg.o(.constdata)
    OSDbg_RdyListSize                        0x0800f2c0   Data           4  os_dbg.o(.constdata)
    OSDbg_StkWidth                           0x0800f2c4   Data           1  os_dbg.o(.constdata)
    OSDbg_StatTaskEn                         0x0800f2c5   Data           1  os_dbg.o(.constdata)
    OSDbg_StatTaskStkChkEn                   0x0800f2c6   Data           1  os_dbg.o(.constdata)
    OSDbg_TaskChangePrioEn                   0x0800f2c7   Data           1  os_dbg.o(.constdata)
    OSDbg_TaskDelEn                          0x0800f2c8   Data           1  os_dbg.o(.constdata)
    OSDbg_TaskQEn                            0x0800f2c9   Data           1  os_dbg.o(.constdata)
    OSDbg_TaskQPendAbortEn                   0x0800f2ca   Data           1  os_dbg.o(.constdata)
    OSDbg_TaskProfileEn                      0x0800f2cb   Data           1  os_dbg.o(.constdata)
    OSDbg_TaskRegTblSize                     0x0800f2cc   Data           2  os_dbg.o(.constdata)
    OSDbg_TaskSemPendAbortEn                 0x0800f2ce   Data           1  os_dbg.o(.constdata)
    OSDbg_TaskSuspendEn                      0x0800f2cf   Data           1  os_dbg.o(.constdata)
    OSDbg_TCBSize                            0x0800f2d0   Data           2  os_dbg.o(.constdata)
    OSDbg_TickSpokeSize                      0x0800f2d2   Data           2  os_dbg.o(.constdata)
    OSDbg_TimeDlyHMSMEn                      0x0800f2d4   Data           1  os_dbg.o(.constdata)
    OSDbg_TimeDlyResumeEn                    0x0800f2d5   Data           1  os_dbg.o(.constdata)
    OSDbg_TLS_TblSize                        0x0800f2d6   Data           2  os_dbg.o(.constdata)
    OSDbg_Tmr                                0x0800f2d8   Data          52  os_dbg.o(.constdata)
    OSDbg_TmrEn                              0x0800f30c   Data           1  os_dbg.o(.constdata)
    OSDbg_TmrDelEn                           0x0800f30d   Data           1  os_dbg.o(.constdata)
    OSDbg_TmrSize                            0x0800f30e   Data           2  os_dbg.o(.constdata)
    OSDbg_TmrSpokeSize                       0x0800f310   Data           2  os_dbg.o(.constdata)
    OSDbg_VersionNbr                         0x0800f312   Data           2  os_dbg.o(.constdata)
    OSDbg_DataSize                           0x0800f314   Data           4  os_dbg.o(.constdata)
    Region$$Table$$Base                      0x0800f318   Number         0  anon$$obj.o(Region$$Table)
    Region$$Table$$Limit                     0x0800f338   Number         0  anon$$obj.o(Region$$Table)
    ADS_DATA                                 0x20000000   Data           4  main.o(.data)
    Magn_Flag                                0x20000004   Data           4  stm32f10x_it.o(.data)
    DataReady                                0x20000008   Data           1  stm32f10x_it.o(.data)
    mpu_acce                                 0x2000000a   Data           6  stm32f10x_it.o(.data)
    mpu_gyro                                 0x20000010   Data           6  stm32f10x_it.o(.data)
    mpu_magn                                 0x20000016   Data           6  stm32f10x_it.o(.data)
    count_id                                 0x2000001c   Data           2  stm32f10x_it.o(.data)
    err                                      0x2000001e   Data           2  stm32f10x_it.o(.data)
    Uart1_Rx                                 0x20000020   Data           1  stm32f10x_it.o(.data)
    Uart1_Sta                                0x20000021   Data           1  stm32f10x_it.o(.data)
    Clear                                    0x20000022   Data           1  stm32f10x_it.o(.data)
    KEY_flag                                 0x20000023   Data           1  stm32f10x_it.o(.data)
    mpu_accel_cali                           0x20000024   Data           6  mpu9250.o(.data)
    mpu_gyro_cali                            0x2000002a   Data           6  mpu9250.o(.data)
    Sensitivity_adj_data                     0x20000030   Data           3  mpu9250.o(.data)
    ASA                                      0x20000034   Data          12  mpu9250.o(.data)
    i2c_dev                                  0x20000040   Data           1  mpu9250.o(.data)
    TX_DATA                                  0x20000041   Data           4  mpu9250.o(.data)
    T_X                                      0x20000046   Data           2  mpu9250.o(.data)
    T_Y                                      0x20000048   Data           2  mpu9250.o(.data)
    T_Z                                      0x2000004a   Data           2  mpu9250.o(.data)
    T_T                                      0x2000004c   Data           2  mpu9250.o(.data)
    ads_addrs                                0x2000006c   Data           6  ads_hal_i2c.o(.data)
    ads_devices                              0x20000072   Data           6  ads_hal_i2c.o(.data)
    _ads_int_enabled                         0x2000007a   Data           1  ads_hal_i2c.o(.data)
    timeout                                  0x2000007c   Data           2  ads_hal_i2c.o(.data)
    SystemCoreClock                          0x20000084   Data           4  system_stm32f10x.o(.data)
    AHBPrescTable                            0x20000088   Data          16  system_stm32f10x.o(.data)
    CPU_TS_TmrFreq_Hz                        0x200000ac   Data           4  cpu_core.o(.data)
    Mem_PoolTbl                              0x200000b0   Data           4  lib_mem.o(.data)
    OSPrioTbl                                0x200000b4   Data           8  os_prio.o(.data)
    OS_AppTaskCreateHookPtr                  0x200000bc   Data           4  os_var.o(.data)
    OS_AppTaskDelHookPtr                     0x200000c0   Data           4  os_var.o(.data)
    OS_AppTaskReturnHookPtr                  0x200000c4   Data           4  os_var.o(.data)
    OS_AppIdleTaskHookPtr                    0x200000c8   Data           4  os_var.o(.data)
    OS_AppStatTaskHookPtr                    0x200000cc   Data           4  os_var.o(.data)
    OS_AppTaskSwHookPtr                      0x200000d0   Data           4  os_var.o(.data)
    OS_AppTimeTickHookPtr                    0x200000d4   Data           4  os_var.o(.data)
    OSIdleTaskCtr                            0x200000d8   Data           4  os_var.o(.data)
    OSIntNestingCtr                          0x200000dc   Data           1  os_var.o(.data)
    OSRunning                                0x200000dd   Data           1  os_var.o(.data)
    OSIntQInPtr                              0x200000e0   Data           4  os_var.o(.data)
    OSIntQOutPtr                             0x200000e4   Data           4  os_var.o(.data)
    OSIntQNbrEntries                         0x200000e8   Data           2  os_var.o(.data)
    OSIntQNbrEntriesMax                      0x200000ea   Data           2  os_var.o(.data)
    OSIntQOvfCtr                             0x200000ec   Data           2  os_var.o(.data)
    OSIntQTaskTimeMax                        0x200000f0   Data           4  os_var.o(.data)
    OSFlagDbgListPtr                         0x200000f4   Data           4  os_var.o(.data)
    OSFlagQty                                0x200000f8   Data           2  os_var.o(.data)
    OSMemDbgListPtr                          0x200000fc   Data           4  os_var.o(.data)
    OSMemQty                                 0x20000100   Data           2  os_var.o(.data)
    OSMutexDbgListPtr                        0x20000104   Data           4  os_var.o(.data)
    OSMutexQty                               0x20000108   Data           2  os_var.o(.data)
    OSPrioCur                                0x2000010a   Data           1  os_var.o(.data)
    OSPrioHighRdy                            0x2000010b   Data           1  os_var.o(.data)
    OSPrioSaved                              0x2000010c   Data           1  os_var.o(.data)
    OSQDbgListPtr                            0x20000110   Data           4  os_var.o(.data)
    OSQQty                                   0x20000114   Data           2  os_var.o(.data)
    OSSchedLockTimeBegin                     0x20000118   Data           4  os_var.o(.data)
    OSSchedLockTimeMax                       0x2000011c   Data           4  os_var.o(.data)
    OSSchedLockTimeMaxCur                    0x20000120   Data           4  os_var.o(.data)
    OSSchedLockNestingCtr                    0x20000124   Data           1  os_var.o(.data)
    OSSchedRoundRobinDfltTimeQuanta          0x20000128   Data           4  os_var.o(.data)
    OSSchedRoundRobinEn                      0x2000012c   Data           1  os_var.o(.data)
    OSSemDbgListPtr                          0x20000130   Data           4  os_var.o(.data)
    OSSemQty                                 0x20000134   Data           2  os_var.o(.data)
    OSStatResetFlag                          0x20000136   Data           1  os_var.o(.data)
    OSStatTaskCPUUsage                       0x20000138   Data           2  os_var.o(.data)
    OSStatTaskCPUUsageMax                    0x2000013a   Data           2  os_var.o(.data)
    OSStatTaskCtr                            0x2000013c   Data           4  os_var.o(.data)
    OSStatTaskCtrMax                         0x20000140   Data           4  os_var.o(.data)
    OSStatTaskCtrRun                         0x20000144   Data           4  os_var.o(.data)
    OSStatTaskRdy                            0x20000148   Data           1  os_var.o(.data)
    OSStatTaskTimeMax                        0x2000014c   Data           4  os_var.o(.data)
    OSTaskCtxSwCtr                           0x20000150   Data           4  os_var.o(.data)
    OSTaskDbgListPtr                         0x20000154   Data           4  os_var.o(.data)
    OSTaskQty                                0x20000158   Data           2  os_var.o(.data)
    OSTaskRegNextAvailID                     0x2000015a   Data           1  os_var.o(.data)
    OSTickCtr                                0x2000015c   Data           4  os_var.o(.data)
    OSTickTaskTimeMax                        0x20000160   Data           4  os_var.o(.data)
    OSTmrDbgListPtr                          0x20000164   Data           4  os_var.o(.data)
    OSTmrQty                                 0x20000168   Data           2  os_var.o(.data)
    OSTmrTaskTimeMax                         0x2000016c   Data           4  os_var.o(.data)
    OSTmrTickCtr                             0x20000170   Data           4  os_var.o(.data)
    OSTmrUpdateCnt                           0x20000174   Data           4  os_var.o(.data)
    OSTmrUpdateCtr                           0x20000178   Data           4  os_var.o(.data)
    OSTCBCurPtr                              0x2000017c   Data           4  os_var.o(.data)
    OSTCBHighRdyPtr                          0x20000180   Data           4  os_var.o(.data)
    OS_CPU_ExceptStkBase                     0x20000184   Data           4  os_cpu_c.o(.data)
    __stdout                                 0x20000188   Data           4  stdout.o(.data)
    __microlib_freelist                      0x2000018c   Data           4  mvars.o(.data)
    __microlib_freelist_initialised          0x20000190   Data           4  mvars.o(.data)
    StartTaskTCB                             0x20000194   Data         196  main.o(.bss)
    START_TASK_STK                           0x20000258   Data         512  main.o(.bss)
    Uart1_Buffer                             0x20000458   Data         128  stm32f10x_it.o(.bss)
    mpu_magn_cali                            0x200004d8   Data          12  mpu9250.o(.bss)
    Raw_Data                                 0x20000510   Data          36  mpu9250.o(.bss)
    Cali_Data                                0x20000534   Data          36  mpu9250.o(.bss)
    BUF                                      0x20000558   Data          10  mpu9250.o(.bss)
    STMFLASH_BUF                             0x20000562   Data        1024  stmflash.o(.bss)
    BLED_Blink3_TaskTCB                      0x20000964   Data         196  task.o(.bss)
    BLED_Blink3_TASK_STK                     0x20000a28   Data         512  task.o(.bss)
    YLED_Blink3_TaskTCB                      0x20000c28   Data         196  task.o(.bss)
    YLED_Blink3_TASK_STK                     0x20000cec   Data         512  task.o(.bss)
    Get_MPU_Data_TaskTCB                     0x20000eec   Data         196  task.o(.bss)
    Get_MPU_Data_TASK_STK                    0x20000fb0   Data        1024  task.o(.bss)
    ADS_Run_TaskTCB                          0x200013b0   Data         196  task.o(.bss)
    ADS_Run_TASK_STK                         0x20001474   Data         512  task.o(.bss)
    Data_Report_TaskTCB                      0x20001674   Data         196  task.o(.bss)
    Data_Report_TASK_STK                     0x20001738   Data        1024  task.o(.bss)
    Status_Check_TaskTCB                     0x20001b38   Data         196  task.o(.bss)
    Status_Check_TASK_STK                    0x20001bfc   Data         512  task.o(.bss)
    MeasureEvent                             0x20001dfc   Data          40  task.o(.bss)
    CPU_Name                                 0x20001e24   Data          16  cpu_core.o(.bss)
    Mem_PoolHeap                             0x20001e34   Data          72  lib_mem.o(.bss)
    Mem_Heap                                 0x20001e7c   Data        1024  lib_mem.o(.bss)
    OSCfg_IdleTaskStk                        0x2000227c   Data         512  os_cfg_app.o(.bss)
    OSCfg_IntQ                               0x2000247c   Data         320  os_cfg_app.o(.bss)
    OSCfg_IntQTaskStk                        0x200025bc   Data         512  os_cfg_app.o(.bss)
    OSCfg_ISRStk                             0x200027bc   Data         512  os_cfg_app.o(.bss)
    OSCfg_MsgPool                            0x200029bc   Data        1600  os_cfg_app.o(.bss)
    OSCfg_StatTaskStk                        0x20002ffc   Data         512  os_cfg_app.o(.bss)
    OSCfg_TickTaskStk                        0x200031fc   Data         512  os_cfg_app.o(.bss)
    OSCfg_TickWheel                          0x200033fc   Data         136  os_cfg_app.o(.bss)
    OSCfg_TmrTaskStk                         0x20003484   Data         512  os_cfg_app.o(.bss)
    OSCfg_TmrWheel                           0x20003684   Data         136  os_cfg_app.o(.bss)
    OSIdleTaskTCB                            0x2000370c   Data         196  os_var.o(.bss)
    OSIntQTaskTCB                            0x200037d0   Data         196  os_var.o(.bss)
    OSMsgPool                                0x20003894   Data          12  os_var.o(.bss)
    OSRdyList                                0x200038a0   Data         768  os_var.o(.bss)
    OSStatTaskTCB                            0x20003ba0   Data         196  os_var.o(.bss)
    OSTickTaskTCB                            0x20003c64   Data         196  os_var.o(.bss)
    OSTmrTaskTCB                             0x20003d28   Data         196  os_var.o(.bss)
    __heap_base                              0x20003df0   Data           0  startup_stm32f10x_md.o(HEAP)
    __heap_limit                             0x20003ff0   Data           0  startup_stm32f10x_md.o(HEAP)
    __initial_sp                             0x200047f0   Data           0  startup_stm32f10x_md.o(STACK)



==============================================================================

Memory Map of the image

  Image Entry point : 0x080000ed

  Load Region LR_IROM1 (Base: 0x08000000, Size: 0x0000f4cc, Max: 0x00020000, ABSOLUTE, COMPRESSED[0x0000f370])

    Execution Region ER_IROM1 (Base: 0x08000000, Size: 0x0000f338, Max: 0x00020000, ABSOLUTE)

    Base Addr    Size         Type   Attr      Idx    E Section Name        Object

    0x08000000   0x000000ec   Data   RO          590    RESET               startup_stm32f10x_md.o
    0x080000ec   0x00000000   Code   RO         1186  * .ARM.Collect$$$$00000000  mc_w.l(entry.o)
    0x080000ec   0x00000004   Code   RO         1506    .ARM.Collect$$$$00000001  mc_w.l(entry2.o)
    0x080000f0   0x00000004   Code   RO         1509    .ARM.Collect$$$$00000004  mc_w.l(entry5.o)
    0x080000f4   0x00000000   Code   RO         1511    .ARM.Collect$$$$00000008  mc_w.l(entry7b.o)
    0x080000f4   0x00000000   Code   RO         1513    .ARM.Collect$$$$0000000A  mc_w.l(entry8b.o)
    0x080000f4   0x00000008   Code   RO         1514    .ARM.Collect$$$$0000000B  mc_w.l(entry9a.o)
    0x080000fc   0x00000000   Code   RO         1516    .ARM.Collect$$$$0000000D  mc_w.l(entry10a.o)
    0x080000fc   0x00000000   Code   RO         1518    .ARM.Collect$$$$0000000F  mc_w.l(entry11a.o)
    0x080000fc   0x00000004   Code   RO         1507    .ARM.Collect$$$$00002712  mc_w.l(entry2.o)
    0x08000100   0x000004e8   Code   RO            1    .text               main.o
    0x080005e8   0x00000260   Code   RO          207    .text               stm32f10x_it.o
    0x08000848   0x00000ae4   Code   RO          270    .text               mpu9250.o
    0x0800132c   0x00000134   Code   RO          309    .text               stmflash.o
    0x08001460   0x000004c8   Code   RO          343    .text               task.o
    0x08001928   0x00000274   Code   RO          389    .text               ads.o
    0x08001b9c   0x0000097c   Code   RO          451    .text               ads_hal_i2c.o
    0x08002518   0x0000034c   Code   RO          496    .text               stm32_iic.o
    0x08002864   0x00000238   Code   RO          508    .text               usart.o
    0x08002a9c   0x00000068   Code   RO          520    .text               led.o
    0x08002b04   0x000001e8   Code   RO          532    .text               delay.o
    0x08002cec   0x00000074   Code   RO          566    .text               key.o
    0x08002d60   0x00000024   Code   RO          591    .text               startup_stm32f10x_md.o
    0x08002d84   0x000001f0   Code   RO          595    .text               system_stm32f10x.o
    0x08002f74   0x000000dc   Code   RO          613    .text               misc.o
    0x08003050   0x0000035c   Code   RO          625    .text               stm32f10x_gpio.o
    0x080033ac   0x00000408   Code   RO          637    .text               stm32f10x_usart.o
    0x080037b4   0x000003ac   Code   RO          649    .text               stm32f10x_rcc.o
    0x08003b60   0x0000011c   Code   RO          702    .text               stm32f10x_exti.o
    0x08003c7c   0x000005bc   Code   RO          714    .text               stm32f10x_flash.o
    0x08004238   0x00000404   Code   RO          726    .text               stm32f10x_i2c.o
    0x0800463c   0x00000e1a   Code   RO          777    .text               stm32f10x_tim.o
    0x08005456   0x00000002   PAD
    0x08005458   0x00000084   Code   RO          789    .text               bsp.o
    0x080054dc   0x000002a8   Code   RO          804    .text               cpu_core.o
    0x08005784   0x00000034   Code   RO          842    .text               cpu_a.o
    0x080057b8   0x00000256   Code   RO          845    .text               lib_ascii.o
    0x08005a0e   0x00000002   PAD
    0x08005a10   0x000009c6   Code   RO          878    .text               lib_mem.o
    0x080063d6   0x00000002   PAD
    0x080063d8   0x0000092c   Code   RO          897    .text               lib_str.o
    0x08006d04   0x00000220   Code   RO          914    .text               lib_mem_a.o
    0x08006f24   0x000000fc   Code   RO          917    .text               os_cfg_app.o
    0x08007020   0x00000df0   Code   RO          940    .text               os_core.o
    0x08007e10   0x000001b0   Code   RO          952    .text               os_dbg.o
    0x08007fc0   0x00000e28   Code   RO          967    .text               os_flag.o
    0x08008de8   0x00000444   Code   RO          979    .text               os_int.o
    0x0800922c   0x00000238   Code   RO          991    .text               os_mem.o
    0x08009464   0x0000022c   Code   RO         1003    .text               os_msg.o
    0x08009690   0x00000ad4   Code   RO         1015    .text               os_mutex.o
    0x0800a164   0x0000007c   Code   RO         1033    .text               os_prio.o
    0x0800a1e0   0x000008d8   Code   RO         1052    .text               os_q.o
    0x0800aab8   0x00000830   Code   RO         1064    .text               os_sem.o
    0x0800b2e8   0x00000638   Code   RO         1076    .text               os_stat.o
    0x0800b920   0x000018f8   Code   RO         1088    .text               os_task.o
    0x0800d218   0x000004fc   Code   RO         1100    .text               os_tick.o
    0x0800d714   0x00000564   Code   RO         1112    .text               os_time.o
    0x0800dc78   0x00000818   Code   RO         1124    .text               os_tmr.o
    0x0800e490   0x00000260   Code   RO         1153    .text               os_cpu_c.o
    0x0800e6f0   0x00000062   Code   RO         1189    .text               mc_w.l(uldiv.o)
    0x0800e752   0x00000024   Code   RO         1193    .text               mc_w.l(memseta.o)
    0x0800e776   0x000000b0   Code   RO         1486    .text               mf_w.l(fadd.o)
    0x0800e826   0x00000064   Code   RO         1488    .text               mf_w.l(fmul.o)
    0x0800e88a   0x0000007c   Code   RO         1490    .text               mf_w.l(fdiv.o)
    0x0800e906   0x000000e4   Code   RO         1492    .text               mf_w.l(dmul.o)
    0x0800e9ea   0x00000012   Code   RO         1494    .text               mf_w.l(fflti.o)
    0x0800e9fc   0x00000022   Code   RO         1498    .text               mf_w.l(dflti.o)
    0x0800ea1e   0x00000032   Code   RO         1500    .text               mf_w.l(ffixi.o)
    0x0800ea50   0x00000026   Code   RO         1502    .text               mf_w.l(f2d.o)
    0x0800ea76   0x00000038   Code   RO         1504    .text               mf_w.l(d2f.o)
    0x0800eaae   0x0000002c   Code   RO         1521    .text               mc_w.l(uidiv.o)
    0x0800eada   0x0000001e   Code   RO         1523    .text               mc_w.l(llshl.o)
    0x0800eaf8   0x00000020   Code   RO         1525    .text               mc_w.l(llushr.o)
    0x0800eb18   0x00000000   Code   RO         1529    .text               mc_w.l(iusefp.o)
    0x0800eb18   0x0000006e   Code   RO         1530    .text               mf_w.l(fepilogue.o)
    0x0800eb86   0x000000ba   Code   RO         1532    .text               mf_w.l(depilogue.o)
    0x0800ec40   0x00000024   Code   RO         1542    .text               mc_w.l(init.o)
    0x0800ec64   0x00000056   Code   RO         1554    .text               mc_w.l(__dczerorl2.o)
    0x0800ecba   0x00000002   PAD
    0x0800ecbc   0x00000098   Code   RO         1150    CODE                os_cpu_a.o
    0x0800ed54   0x00000020   Code   RO         1242    i.__0printf$1       mc_w.l(printf1.o)
    0x0800ed74   0x0000000e   Code   RO         1548    i.__scatterload_copy  mc_w.l(handlers.o)
    0x0800ed82   0x00000002   Code   RO         1549    i.__scatterload_null  mc_w.l(handlers.o)
    0x0800ed84   0x0000000e   Code   RO         1550    i.__scatterload_zeroinit  mc_w.l(handlers.o)
    0x0800ed92   0x00000002   PAD
    0x0800ed94   0x00000154   Code   RO         1249    i._printf_core      mc_w.l(printf1.o)
    0x0800eee8   0x0000000e   Code   RO           15    i.ads_int16_decode  main.o
    0x0800eef6   0x0000000c   Code   RO           27    i.ads_uint16_encode  main.o
    0x0800ef02   0x00000002   PAD
    0x0800ef04   0x0000006c   Code   RO         1459    i.malloc            mc_w.l(malloc.o)
    0x0800ef70   0x00000104   Data   RO          806    .constdata          cpu_core.o
    0x0800f074   0x00000094   Data   RO          898    .constdata          lib_str.o
    0x0800f108   0x000000a4   Data   RO          919    .constdata          os_cfg_app.o
    0x0800f1ac   0x0000016c   Data   RO          953    .constdata          os_dbg.o
    0x0800f318   0x00000020   Data   RO         1546    Region$$Table       anon$$obj.o


    Execution Region RW_IRAM1 (Base: 0x20000000, Size: 0x000047f0, Max: 0x00005000, ABSOLUTE, COMPRESSED[0x00000038])

    Base Addr    Size         Type   Attr      Idx    E Section Name        Object

    0x20000000   0x00000004   Data   RW            3    .data               main.o
    0x20000004   0x00000020   Data   RW          209    .data               stm32f10x_it.o
    0x20000024   0x0000002a   Data   RW          272    .data               mpu9250.o
    0x2000004e   0x00000002   PAD
    0x20000050   0x00000004   Data   RW          390    .data               ads.o
    0x20000054   0x0000002a   Data   RW          452    .data               ads_hal_i2c.o
    0x2000007e   0x00000004   Data   RW          533    .data               delay.o
    0x20000082   0x00000002   PAD
    0x20000084   0x00000014   Data   RW          596    .data               system_stm32f10x.o
    0x20000098   0x00000014   Data   RW          650    .data               stm32f10x_rcc.o
    0x200000ac   0x00000004   Data   RW          807    .data               cpu_core.o
    0x200000b0   0x00000004   Data   RW          880    .data               lib_mem.o
    0x200000b4   0x00000008   Data   RW         1034    .data               os_prio.o
    0x200000bc   0x000000c8   Data   RW         1137    .data               os_var.o
    0x20000184   0x00000004   Data   RW         1154    .data               os_cpu_c.o
    0x20000188   0x00000004   Data   RW         1520    .data               mc_w.l(stdout.o)
    0x2000018c   0x00000004   Data   RW         1527    .data               mc_w.l(mvars.o)
    0x20000190   0x00000004   Data   RW         1528    .data               mc_w.l(mvars.o)
    0x20000194   0x000002c4   Zero   RW            2    .bss                main.o
    0x20000458   0x00000080   Zero   RW          208    .bss                stm32f10x_it.o
    0x200004d8   0x0000008a   Zero   RW          271    .bss                mpu9250.o
    0x20000562   0x00000400   Zero   RW          310    .bss                stmflash.o
    0x20000962   0x00000002   PAD
    0x20000964   0x000014c0   Zero   RW          344    .bss                task.o
    0x20001e24   0x00000010   Zero   RW          805    .bss                cpu_core.o
    0x20001e34   0x00000448   Zero   RW          879    .bss                lib_mem.o
    0x2000227c   0x00001490   Zero   RW          918    .bss                os_cfg_app.o
    0x2000370c   0x000006e0   Zero   RW         1136    .bss                os_var.o
    0x20003dec   0x00000004   PAD
    0x20003df0   0x00000200   Zero   RW          589    HEAP                startup_stm32f10x_md.o
    0x20003ff0   0x00000800   Zero   RW          588    STACK               startup_stm32f10x_md.o


==============================================================================

Image component sizes


      Code (inc. data)   RO Data    RW Data    ZI Data      Debug   Object Name

       628          8          0          4          0      13625   ads.o
      2428        172          0         42          0       7142   ads_hal_i2c.o
       132         12          0          0          0       1119   bsp.o
        52          0          0          0          0        324   cpu_a.o
       680         14        260          4         16      14183   cpu_core.o
       488         30          0          4          0       2526   delay.o
       116          6          0          0          0        531   key.o
       104          8          0          0          0        457   led.o
       598          0          0          0          0       3676   lib_ascii.o
      2502         32          0          4       1096      21676   lib_mem.o
       544          0          0          0          0        472   lib_mem_a.o
      2348          6        148          0          0      13010   lib_str.o
      1282         52          0          4        708     320032   main.o
       220         22          0          0          0       1785   misc.o
      2788        150          0         42        138       5932   mpu9250.o
       252        166        164          0       5264      20834   os_cfg_app.o
      3568        284          0          0          0      11989   os_core.o
       152         32          0          0          0        380   os_cpu_a.o
       608         64          0          4          0       3665   os_cpu_c.o
       432        286        364          0          0       4701   os_dbg.o
      3624        110          0          0          0       7659   os_flag.o
      1092        146          0          0          0       2236   os_int.o
       568         20          0          0          0       2632   os_mem.o
       556         12          0          0          0       2691   os_msg.o
      2772        114          0          0          0       5350   os_mutex.o
       124          4          0          8          0       1696   os_prio.o
      2264         76          0          0          0       6032   os_q.o
      2096         70          0          0          0       6048   os_sem.o
      1592        180          0          0          0       2733   os_stat.o
      6392        222          0          0          0      12316   os_task.o
      1276         90          0          0          0       3193   os_tick.o
      1380         46          0          0          0       3129   os_time.o
      2072        140          0          0          0       6230   os_tmr.o
         0          0          0        200       1760      19325   os_var.o
         0          0          0          0          0       1228   queue.o
        36          8        236          0       2560        772   startup_stm32f10x_md.o
       844          6          0          0          0       3606   stm32_iic.o
       284         10          0          0          0       2223   stm32f10x_exti.o
      1468         34          0          0          0       8022   stm32f10x_flash.o
       860         38          0          0          0       5637   stm32f10x_gpio.o
      1028         16          0          0          0       9095   stm32f10x_i2c.o
       608         60          0         32        128      10434   stm32f10x_it.o
       940         44          0         20          0       8796   stm32f10x_rcc.o
      3610         88          0          0          0      22120   stm32f10x_tim.o
      1032         22          0          0          0       8356   stm32f10x_usart.o
       308          8          0          0       1024       8607   stmflash.o
         0          0          0          0          0         32   sys.o
       496         44          0         20          0       1695   system_stm32f10x.o
      1224        186          0          0       5312       4683   task.o
       568         12          0          0          0       2408   usart.o

    ----------------------------------------------------------------------
     59044       3150       1204        392      18012     627043   Object Totals
         0          0         32          0          0          0   (incl. Generated)
         8          0          0          4          6          0   (incl. Padding)

    ----------------------------------------------------------------------

      Code (inc. data)   RO Data    RW Data    ZI Data      Debug   Library Member Name

        86          0          0          0          0          0   __dczerorl2.o
         0          0          0          0          0          0   entry.o
         0          0          0          0          0          0   entry10a.o
         0          0          0          0          0          0   entry11a.o
         8          4          0          0          0          0   entry2.o
         4          0          0          0          0          0   entry5.o
         0          0          0          0          0          0   entry7b.o
         0          0          0          0          0          0   entry8b.o
         8          4          0          0          0          0   entry9a.o
        30          0          0          0          0          0   handlers.o
        36          8          0          0          0         68   init.o
         0          0          0          0          0          0   iusefp.o
        30          0          0          0          0         68   llshl.o
        32          0          0          0          0         68   llushr.o
       108         16          0          0          0         84   malloc.o
        36          0          0          0          0        108   memseta.o
         0          0          0          8          0          0   mvars.o
       372         14          0          0          0        184   printf1.o
         0          0          0          4          0          0   stdout.o
        44          0          0          0          0         80   uidiv.o
        98          0          0          0          0         92   uldiv.o
        56          0          0          0          0         88   d2f.o
       186          0          0          0          0        176   depilogue.o
        34          0          0          0          0         76   dflti.o
       228          0          0          0          0         96   dmul.o
        38          0          0          0          0         68   f2d.o
       176          0          0          0          0        140   fadd.o
       124          0          0          0          0         88   fdiv.o
       110          0          0          0          0        168   fepilogue.o
        50          0          0          0          0         68   ffixi.o
        18          0          0          0          0         68   fflti.o
       100          0          0          0          0         76   fmul.o

    ----------------------------------------------------------------------
      2016         46          0         12          0       1864   Library Totals
         4          0          0          0          0          0   (incl. Padding)

    ----------------------------------------------------------------------

      Code (inc. data)   RO Data    RW Data    ZI Data      Debug   Library Name

       892         46          0         12          0        752   mc_w.l
      1120          0          0          0          0       1112   mf_w.l

    ----------------------------------------------------------------------
      2016         46          0         12          0       1864   Library Totals

    ----------------------------------------------------------------------

==============================================================================


      Code (inc. data)   RO Data    RW Data    ZI Data      Debug   

     61060       3196       1204        404      18012     623523   Grand Totals
     61060       3196       1204         56      18012     623523   ELF Image Totals (compressed)
     61060       3196       1204         56          0          0   ROM Totals

==============================================================================

    Total RO  Size (Code + RO Data)                62264 (  60.80kB)
    Total RW  Size (RW Data + ZI Data)             18416 (  17.98kB)
    Total ROM Size (Code + RO Data + RW Data)      62320 (  60.86kB)

==============================================================================

